
. sqreg hub_ten_y wife_ten_y i.period_y#c.wife_ten_y part_time /// 
>                 college less_hs wife_age wife_se wife_college wife_less_hs ///
>                 i.period_y i.age if father_15==0&husband==1&employed&age>=30&age<40, q(.25 .5 .75) 
(fitting base model)

Bootstrap replications (20)
----+--- 1 ---+--- 2 ---+--- 3 ---+--- 4 ---+--- 5 
....................

Simultaneous quantile regression                    Number of obs =     67,331
  bootstrap(20) SEs                                 .25 Pseudo R2 =     0.0267
                                                    .50 Pseudo R2 =     0.0490
                                                    .75 Pseudo R2 =     0.0780

---------------------------------------------------------------------------------------
                      |              Bootstrap
            hub_ten_y | Coefficient  std. err.      t    P>|t|     [95% conf. interval]
----------------------+----------------------------------------------------------------
q25                   |
           wife_ten_y |   .1065386   .0123875     8.60   0.000     .0822591    .1308182
                      |
period_y#c.wife_ten_y |
              t08_11  |   .0354661   .0196434     1.81   0.071     -.003035    .0739672
              t11_14  |   .0143747   .0150861     0.95   0.341     -.015194    .0439434
              t14_17  |  -.0313161   .0150097    -2.09   0.037    -.0607351   -.0018972
              t17_20  |  -.0184346   .0155468    -1.19   0.236    -.0489062    .0120371
                 t20  |   .0196371    .027593     0.71   0.477    -.0344451    .0737193
                 t21  |   .0581095   .0323993     1.79   0.073     -.005393    .1216121
                 t22  |   .0416095   .0410352     1.01   0.311    -.0388195    .1220385
                      |
            part_time |  -1.489407   .0503536   -29.58   0.000      -1.5881   -1.390714
              college |   .3638189   .0416138     8.74   0.000     .2822559     .445382
              less_hs |  -.4946658   .0800286    -6.18   0.000    -.6515218   -.3378099
             wife_age |  -.0231443   .0036224    -6.39   0.000    -.0302443   -.0160444
              wife_se |  -.0957531   .0778625    -1.23   0.219    -.2483636    .0568574
         wife_college |   .4540824   .0443604    10.24   0.000     .3671361    .5410287
         wife_less_hs |  -.3750949   .1503945    -2.49   0.013    -.6698679   -.0803218
                      |
             period_y |
              t08_11  |   .2197496   .0812626     2.70   0.007     .0604749    .3790243
              t11_14  |   .6894242   .0985869     6.99   0.000      .496194    .8826545
              t14_17  |    .270558   .0807364     3.35   0.001     .1123147    .4288013
              t17_20  |  -.0539283   .0793689    -0.68   0.497    -.2094913    .1016347
                 t20  |  -.1209022   .1265119    -0.96   0.339    -.3688656    .1270611
                 t21  |  -.0547784   .1422074    -0.39   0.700    -.3335048    .2239481
                 t22  |  -.1736781   .1306539    -1.33   0.184    -.4297597    .0824035
                      |
               35.age |   .4849874   .0485766     9.98   0.000     .3897773    .5801975
                _cons |   1.501829    .120727    12.44   0.000     1.265204    1.738454
----------------------+----------------------------------------------------------------
q50                   |
           wife_ten_y |   .2626193   .0202558    12.97   0.000      .222918    .3023206
                      |
period_y#c.wife_ten_y |
              t08_11  |   .0109479   .0244703     0.45   0.655    -.0370138    .0589097
              t11_14  |  -.0515146   .0325553    -1.58   0.114    -.1153229    .0122937
              t14_17  |   -.100722   .0261747    -3.85   0.000    -.1520244   -.0494197
              t17_20  |   .0409521   .0278971     1.47   0.142    -.0137262    .0956304
                 t20  |   .0333702   .0495876     0.67   0.501    -.0638215    .1305619
                 t21  |  -.1117542   .0700951    -1.59   0.111    -.2491405     .025632
                 t22  |  -.0293326   .0498584    -0.59   0.556    -.1270551    .0683899
                      |
            part_time |   -3.30904   .0628045   -52.69   0.000    -3.432137   -3.185944
              college |  -.0889955   .0560124    -1.59   0.112    -.1987798    .0207887
              less_hs |  -1.123056   .1864593    -6.02   0.000    -1.488516   -.7575962
             wife_age |  -.0388697   .0059357    -6.55   0.000    -.0505037   -.0272356
              wife_se |  -.0126317   .1039763    -0.12   0.903    -.2164253    .1911618
         wife_college |    .609223   .0502107    12.13   0.000     .5108101     .707636
         wife_less_hs |  -.6763742   .2242532    -3.02   0.003     -1.11591    -.236838
                      |
             period_y |
              t08_11  |  -.0976983   .1068079    -0.91   0.360    -.3070416     .111645
              t11_14  |    .734972   .1526718     4.81   0.000     .4357354    1.034209
              t14_17  |   1.065071   .1554315     6.85   0.000     .7604254    1.369717
              t17_20  |  -.3193347   .1570787    -2.03   0.042    -.6272088   -.0114606
                 t20  |  -.5325416   .2047282    -2.60   0.009    -.9338086   -.1312746
                 t21  |   .2817942   .3192255     0.88   0.377    -.3438875    .9074758
                 t22  |  -.2638388   .1730887    -1.52   0.127    -.6030925     .075415
                      |
               35.age |   1.842276   .0505275    36.46   0.000     1.743242    1.941309
                _cons |   4.323815   .1935166    22.34   0.000     3.944522    4.703107
----------------------+----------------------------------------------------------------
q75                   |
           wife_ten_y |   .3020833   .0213073    14.18   0.000     .2603209    .3438457
                      |
period_y#c.wife_ten_y |
              t08_11  |  -.0443308   .0265713    -1.67   0.095    -.0964104    .0077489
              t11_14  |   -.143353   .0265307    -5.40   0.000    -.1953532   -.0913529
              t14_17  |  -.1770622   .0349867    -5.06   0.000    -.2456361   -.1084883
              t17_20  |  -.1328741   .0233296    -5.70   0.000    -.1786002    -.087148
                 t20  |  -.0874507   .0451185    -1.94   0.053     -.175883    .0009816
                 t21  |  -.1590767   .0579262    -2.75   0.006     -.272612   -.0455414
                 t22  |  -.0735324   .0389923    -1.89   0.059    -.1499573    .0028925
                      |
            part_time |   -4.54315   .1327442   -34.22   0.000    -4.803329   -4.282971
              college |  -1.559025   .0706114   -22.08   0.000    -1.697424   -1.420627
              less_hs |  -1.556426    .283934    -5.48   0.000    -2.112936   -.9999153
             wife_age |  -.0146326   .0068942    -2.12   0.034    -.0281453     -.00112
              wife_se |   .3304276    .131918     2.50   0.012     .0718685    .5889867
         wife_college |   .2432975   .0873565     2.79   0.005     .0720789    .4145161
         wife_less_hs |  -1.883313    .277013    -6.80   0.000    -2.426258   -1.340368
                      |
             period_y |
              t08_11  |   .0770126   .1510914     0.51   0.610    -.2191264    .3731517
              t11_14  |   .8071664    .169976     4.75   0.000     .4740135    1.140319
              t14_17  |   1.260961    .242317     5.20   0.000     .7860196    1.735902
              t17_20  |   1.102756   .1702741     6.48   0.000     .7690186    1.436493
                 t20  |   .6564625   .3944236     1.66   0.096    -.1166074    1.429532
                 t21  |    1.17118   .3885884     3.01   0.003     .4095465    1.932813
                 t22  |   .2033635   .2898593     0.70   0.483    -.3647605    .7714875
                      |
               35.age |   3.062909   .0632186    48.45   0.000        2.939    3.186817
                _cons |   7.962172   .2070034    38.46   0.000     7.556445    8.367899
---------------------------------------------------------------------------------------

. 
. 
end of do-file

. tabstat wife_ten_y if mother==1&wife==1&age>=30&age<40, s(p25 p50 mean p75)

    Variable |       p25       p50      Mean       p75
-------------+----------------------------------------
  wife_ten_y |         2  6.166667  6.942456        11
------------------------------------------------------

. do "C:\Users\LAFUEN~1\AppData\Local\Temp\STD5194_000000.tmp"

. capture use "formatting/rawfiles/EPA_stocks20.dta", clear

. 
end of do-file

. do "C:\Users\LAFUEN~1\AppData\Local\Temp\STD5194_000000.tmp"

. * * * * * * * * * * * * * * * * * * * * * * * * * * * * * * 
. *
. * Families in the Spanish LFS - Stocks version
. *
. * * * * * * * * * * * * * * * * * * * * * * * * * * * * * * 
. 
. // capture use "formatting/rawfiles/EPA_stocks20.dta", clear
. 
. **#  Part 1: Generate labour market variables * * * * * * * * * 
. sort ciclo nvivi npers

. 
. * No discontinuous workers
. by ciclo nvivi: gen disc = ducon2==6

. *by ciclo nvivi: replace disc = sum(disc)
. *by ciclo nvivi: replace disc = disc[_N]
. *drop if disc>0
. 
. * ERTE variable
. gen erte= (rznotb==11)

. 
. * Weak ERTE or hours ERTE variable
. gen erteh = (rzdifh==11)

. 
. * (labour) state variable
. gen state= ""
(11,581,270 missing values generated)

. replace state="P" if ducon1==1
(2,694,722 real changes made)

. replace state="T" if ducon1==6
(929,311 real changes made)

. replace state="A" if situ!=7&situ!=8&situ!=.
(818,145 real changes made)

. replace state="U" if aoi==6|aoi==5
(885,313 real changes made)

. replace state="I" if aoi>6
(6,253,779 real changes made)

. 
. **# Part 2: Generate key indicator variables * * * * * * * * * 
. gen ngranny = nmadre if edad5>=18
(2,285,705 missing values generated)

. gen ngranps = npadre if edad5>=18
(2,285,705 missing values generated)

. * Consider ONLY children (18 or less)
. replace nmadre = 0 if edad5>18
(1,555,473 real changes made)

. replace npadre = 0 if edad5>18
(1,157,292 real changes made)

. 
. * More than two mothers in the houshold - OUT
. egen moms_in_house = nvals(nmadre), by(ciclo nvivi)

. replace moms_in_house = moms_in_house-1
(11,581,270 real changes made)

. drop if moms_in_house>1
(74,617 observations deleted)

. 
. sort ciclo nvivi npers

. 
. gen child_dummy = (edad5<=16)

. 
. gen baby_dummy = (edad5<10)

. 
. gen kid_dummy = (edad5>=10&edad5<16)

. 
. by ciclo nvivi: gen kids_in_house = sum(child_dummy)

. by ciclo nvivi: replace kids_in_house = kids_in_house[_N]
(3,844,591 real changes made)

. 
. by ciclo nvivi: gen baby_in_house = sum(baby_dummy)

. by ciclo nvivi: replace baby_in_house = baby_dummy[_N]
(2,121,163 real changes made)

. 
. gen mom_in = -(nmadre>0)

. gen mom_no = nmadre

. sort ciclo nvivi mom_in

. by ciclo nvivi: replace mom_no = mom_no[_n-1] if mom_no==0
(9,327,592 real changes made, 6,272,686 to missing)

. gen mother = mom_no==npers

. replace mom_no = 0 if  mom_no == .
(6,272,686 real changes made)

. 
. gen dad_in = -(npadre>0)

. gen dad_no = npadre

. sort ciclo nvivi dad_in

. by ciclo nvivi: replace dad_no = dad_no[_n-1] if dad_no==0
(9,587,246 real changes made, 6,820,028 to missing)

. gen father = dad_no==npers

. replace dad_no = 0 if  dad_no == .
(6,820,028 real changes made)

. 
. drop mom_in dad_in

. 
. * Drop weird cases and teen moms
. replace mother = 0 if mother==1&(edad5<20|edad5>55)
(6,628 real changes made)

. replace father = 0 if father==1&(edad5<20|edad5>55)
(28,137 real changes made)

. 
. gen single_mom = mother==1&dad_no==0

. 
. * Consider ONLY very small children (5 or less)
. gen nmadre_5 = nmadre_help
nmadre_help not found
r(111);

end of do-file

r(111);

. do "C:\Users\LAFUEN~1\AppData\Local\Temp\STD5194_000000.tmp"

. * Consider ONLY very small children (5 or less)
. gen nmadre_5 = nmadre

. gen npadre_5 = npadre

. 
. replace nmadre_5 = 0 if edad5>5
(1,145,100 real changes made)

. replace npadre_5 = 0 if edad5>5
(979,348 real changes made)

. 
. sort ciclo nvivi npers

. 
. gen mom_in_5 = -(nmadre_5>0)

. gen mom_no_5 = nmadre_5

. sort ciclo nvivi mom_in_5

. by ciclo nvivi: replace mom_no_5 = mom_no_5[_n-1] if mom_no_5==0
(10,472,692 real changes made, 8,616,890 to missing)

. gen mother_5 = mom_no_5==npers

. replace mom_no_5 = 0 if  mom_no_5 == .
(8,616,890 real changes made)

. 
. gen dad_in_5 = -(npadre_5>0)

. gen dad_no_5 = npadre_5

. sort ciclo nvivi dad_in_5

. by ciclo nvivi: r
command r is unrecognized
r(199);

end of do-file

r(199);

. do "C:\Users\LAFUEN~1\AppData\Local\Temp\STD5194_000000.tmp"

. 
. * Drop weird cases and teen moms
. replace mother_15 = 0 if mother_15==1&(edad5<20|edad5>55)
variable mother_15 not found
r(111);

end of do-file

r(111);

. do "C:\Users\LAFUEN~1\AppData\Local\Temp\STD5194_000000.tmp"

. by ciclo nvivi: replace dad_no_5 = dad_no_5[_n-1] if dad_no_5==0
(10,566,594 real changes made, 8,868,841 to missing)

. gen father_5 = dad_no_5==npers

. replace dad_no_5 = 0 if  dad_no_5 == .
(8,868,841 real changes made)

. 
. drop mom_in_5 dad_in_5

. 
. * Drop weird cases and teen moms
. replace mother_5 = 0 if mother_5==1&(edad5<20|edad5>55)
(1,686 real changes made)

. replace father_5 = 0 if father_5==1&(edad5<20|edad5>55)
(3,760 real changes made)

. 
. gen single_mom_5 = mother_5==1&dad_no_5==0

. 
. * Consider ONLY small children (10 or less)
. gen nmadre_10 = nmadre

. gen npadre_10 = npadre

. 
. replace nmadre_10 = 0 if edad5>10
(459,005 real changes made)

. replace npadre_10 = 0 if edad5>10
(389,297 real changes made)

. 
. sort ciclo nvivi npers

. 
. gen mom_in_10 = -(nmadre_10>0)

. gen mom_no_10 = nmadre_10

. sort ciclo nvivi mom_in_10

. by ciclo nvivi: replace mom_no_10 = mom_no_10[_n-1] if mom_no_10==0
(9,786,597 real changes made, 7,173,853 to missing)

. gen mother_10 = mom_no_10==npers

. replace mom_no_10 = 0 if  mom_no_10 == .
(7,173,853 real changes made)

. 
. gen dad_in_10 = -(npadre_10>0)

. gen dad_no_10 = npadre_10

. sort ciclo nvivi dad_in_10

. by ciclo nvivi: replace dad_no_10 = dad_no_10[_n-1] if dad_no_10==0
(9,976,543 real changes made, 7,608,281 to missing)

. gen father_10 = dad_no_10==npers

. replace dad_no_10 = 0 if  dad_no_10 == .
(7,608,281 real changes made)

. 
. drop mom_in_10 dad_in_10

. 
. * Drop weird cases and teen moms
. replace mother_10 = 0 if mother_10==1&(edad5<20|edad5>55)
(2,406 real changes made)

. replace father_10 = 0 if father_10==1&(edad5<20|edad5>55)
(11,625 real changes made)

. 
. gen single_mom_10 = mother_10==1&dad_no_10==0

. 
. * Consider young children (16 or less)
. gen nmadre_15 = nmadre

. gen npadre_15 = npadre

. 
. replace nmadre_15 = 0 if edad5>16
(0 real changes made)

. replace npadre_15 = 0 if edad5>16
(0 real changes made)

. 
. sort ciclo nvivi npers

. 
. gen mom_in_15 = -(nmadre_15>0)

. gen mom_no_15 = nmadre_15

. sort ciclo nvivi mom_in_15

. by ciclo nvivi: replace mom_no_15 = mom_no_15[_n-1] if mom_no_15==0
(9,327,592 real changes made, 6,272,686 to missing)

. gen mother_15 = mom_no_15==npers

. replace mom_no_15 = 0 if  mom_no_15 == .
(6,272,686 real changes made)

. 
. gen dad_in_15 = -(npadre_15>0)

. gen dad_no_15 = npadre_15

. sort ciclo nvivi dad_in_15

. by ciclo nvivi: replace dad_no_15 = dad_no_15[_n-1] if dad_no_15==0
(9,587,246 real changes made, 6,820,028 to missing)

. gen father_15 = dad_no_15==npers

. replace dad_no_15 = 0 if  dad_no_15 == .
(6,820,028 real changes made)

. 
. drop mom_in_15 dad_in_15

. 
. * Drop weird cases and teen moms
. replace mother_15 = 0 if mother_15==1&(edad5<20|edad5>55)
(6,628 real changes made)

. replace father_15 = 0 if father_15==1&(edad5<20|edad5>55)
(28,133 real changes made)

. 
. gen single_mom_15 = mother_15==1&dad_no_15==0

. 
. 
. 
end of do-file

. do "C:\Users\LAFUEN~1\AppData\Local\Temp\STD5194_000000.tmp"

. gen gran_10 if mother_10&ngranny!=.
=exp required
r(100);

end of do-file

r(100);

. do "C:\Users\LAFUEN~1\AppData\Local\Temp\STD5194_000000.tmp"

. gen gran_10 = (mother_10&ngranny!=.)

. 
end of do-file

. tab gran_10 if mother_10

    gran_10 |      Freq.     Percent        Cum.
------------+-----------------------------------
          1 |  1,130,218      100.00      100.00
------------+-----------------------------------
      Total |  1,130,218      100.00

. tab ngranny if mother_10

    ngranny |      Freq.     Percent        Cum.
------------+-----------------------------------
          0 |  1,070,318       94.70       94.70
          1 |     23,512        2.08       96.78
          2 |     15,795        1.40       98.18
          3 |      3,124        0.28       98.45
          4 |      6,137        0.54       99.00
          5 |      7,651        0.68       99.67
          6 |      3,022        0.27       99.94
          7 |        559        0.05       99.99
          8 |         72        0.01      100.00
          9 |         16        0.00      100.00
         10 |         12        0.00      100.00
------------+-----------------------------------
      Total |  1,130,218      100.00

. drop gran_10

. gen gran_10 = (mother_10&ngranny>0)

. tab gran_10 if mother_10

    gran_10 |      Freq.     Percent        Cum.
------------+-----------------------------------
          0 |  1,070,318       94.70       94.70
          1 |     59,900        5.30      100.00
------------+-----------------------------------
      Total |  1,130,218      100.00

. tab ciclo gran_10 if mother_10, row

+----------------+
| Key            |
|----------------|
|   frequency    |
| row percentage |
+----------------+

           |        gran_10
     ciclo |         0          1 |     Total
-----------+----------------------+----------
       130 |    14,531        873 |    15,404 
           |     94.33       5.67 |    100.00 
-----------+----------------------+----------
       131 |    14,441        870 |    15,311 
           |     94.32       5.68 |    100.00 
-----------+----------------------+----------
       132 |    14,132        811 |    14,943 
           |     94.57       5.43 |    100.00 
-----------+----------------------+----------
       133 |    14,163        796 |    14,959 
           |     94.68       5.32 |    100.00 
-----------+----------------------+----------
       134 |    14,661        778 |    15,439 
           |     94.96       5.04 |    100.00 
-----------+----------------------+----------
       135 |    15,263        826 |    16,089 
           |     94.87       5.13 |    100.00 
-----------+----------------------+----------
       136 |    15,019        815 |    15,834 
           |     94.85       5.15 |    100.00 
-----------+----------------------+----------
       137 |    15,063        833 |    15,896 
           |     94.76       5.24 |    100.00 
-----------+----------------------+----------
       138 |    15,448        876 |    16,324 
           |     94.63       5.37 |    100.00 
-----------+----------------------+----------
       139 |    15,735        887 |    16,622 
           |     94.66       5.34 |    100.00 
-----------+----------------------+----------
       140 |    15,670        869 |    16,539 
           |     94.75       5.25 |    100.00 
-----------+----------------------+----------
       141 |    15,691        896 |    16,587 
           |     94.60       5.40 |    100.00 
-----------+----------------------+----------
       142 |    15,766        886 |    16,652 
           |     94.68       5.32 |    100.00 
-----------+----------------------+----------
       143 |    15,889        878 |    16,767 
           |     94.76       5.24 |    100.00 
-----------+----------------------+----------
       144 |    15,782        875 |    16,657 
           |     94.75       5.25 |    100.00 
-----------+----------------------+----------
       145 |    15,631        869 |    16,500 
           |     94.73       5.27 |    100.00 
-----------+----------------------+----------
       146 |    15,659        862 |    16,521 
           |     94.78       5.22 |    100.00 
-----------+----------------------+----------
       147 |    15,793        835 |    16,628 
           |     94.98       5.02 |    100.00 
-----------+----------------------+----------
       148 |    16,388        941 |    17,329 
           |     94.57       5.43 |    100.00 
-----------+----------------------+----------
       149 |    16,508        967 |    17,475 
           |     94.47       5.53 |    100.00 
-----------+----------------------+----------
       150 |    16,434        947 |    17,381 
           |     94.55       5.45 |    100.00 
-----------+----------------------+----------
       151 |    16,283        966 |    17,249 
           |     94.40       5.60 |    100.00 
-----------+----------------------+----------
       152 |    16,120        943 |    17,063 
           |     94.47       5.53 |    100.00 
-----------+----------------------+----------
       153 |    16,122        938 |    17,060 
           |     94.50       5.50 |    100.00 
-----------+----------------------+----------
       154 |    16,233        923 |    17,156 
           |     94.62       5.38 |    100.00 
-----------+----------------------+----------
       155 |    16,152        914 |    17,066 
           |     94.64       5.36 |    100.00 
-----------+----------------------+----------
       156 |    16,072        899 |    16,971 
           |     94.70       5.30 |    100.00 
-----------+----------------------+----------
       157 |    15,802        881 |    16,683 
           |     94.72       5.28 |    100.00 
-----------+----------------------+----------
       158 |    16,254        908 |    17,162 
           |     94.71       5.29 |    100.00 
-----------+----------------------+----------
       159 |    16,068        918 |    16,986 
           |     94.60       5.40 |    100.00 
-----------+----------------------+----------
       160 |    15,871        928 |    16,799 
           |     94.48       5.52 |    100.00 
-----------+----------------------+----------
       161 |    15,895        933 |    16,828 
           |     94.46       5.54 |    100.00 
-----------+----------------------+----------
       162 |    15,896        922 |    16,818 
           |     94.52       5.48 |    100.00 
-----------+----------------------+----------
       163 |    16,137        873 |    17,010 
           |     94.87       5.13 |    100.00 
-----------+----------------------+----------
       164 |    15,988        881 |    16,869 
           |     94.78       5.22 |    100.00 
-----------+----------------------+----------
       165 |    16,128        918 |    17,046 
           |     94.61       5.39 |    100.00 
-----------+----------------------+----------
       166 |    16,051        939 |    16,990 
           |     94.47       5.53 |    100.00 
-----------+----------------------+----------
       167 |    15,909        905 |    16,814 
           |     94.62       5.38 |    100.00 
-----------+----------------------+----------
       168 |    15,595        880 |    16,475 
           |     94.66       5.34 |    100.00 
-----------+----------------------+----------
       169 |    15,638        895 |    16,533 
           |     94.59       5.41 |    100.00 
-----------+----------------------+----------
       170 |    15,564        869 |    16,433 
           |     94.71       5.29 |    100.00 
-----------+----------------------+----------
       171 |    15,298        823 |    16,121 
           |     94.89       5.11 |    100.00 
-----------+----------------------+----------
       172 |    14,895        815 |    15,710 
           |     94.81       5.19 |    100.00 
-----------+----------------------+----------
       173 |    14,968        818 |    15,786 
           |     94.82       5.18 |    100.00 
-----------+----------------------+----------
       174 |    14,875        826 |    15,701 
           |     94.74       5.26 |    100.00 
-----------+----------------------+----------
       175 |    14,790        843 |    15,633 
           |     94.61       5.39 |    100.00 
-----------+----------------------+----------
       176 |    14,695        881 |    15,576 
           |     94.34       5.66 |    100.00 
-----------+----------------------+----------
       177 |    14,545        832 |    15,377 
           |     94.59       5.41 |    100.00 
-----------+----------------------+----------
       178 |    14,785        844 |    15,629 
           |     94.60       5.40 |    100.00 
-----------+----------------------+----------
       179 |    14,674        867 |    15,541 
           |     94.42       5.58 |    100.00 
-----------+----------------------+----------
       180 |    14,577        814 |    15,391 
           |     94.71       5.29 |    100.00 
-----------+----------------------+----------
       181 |    14,594        819 |    15,413 
           |     94.69       5.31 |    100.00 
-----------+----------------------+----------
       182 |    14,704        820 |    15,524 
           |     94.72       5.28 |    100.00 
-----------+----------------------+----------
       183 |    14,744        833 |    15,577 
           |     94.65       5.35 |    100.00 
-----------+----------------------+----------
       184 |    14,597        811 |    15,408 
           |     94.74       5.26 |    100.00 
-----------+----------------------+----------
       185 |    14,744        822 |    15,566 
           |     94.72       5.28 |    100.00 
-----------+----------------------+----------
       186 |    15,072        772 |    15,844 
           |     95.13       4.87 |    100.00 
-----------+----------------------+----------
       187 |    15,013        808 |    15,821 
           |     94.89       5.11 |    100.00 
-----------+----------------------+----------
       188 |    14,717        769 |    15,486 
           |     95.03       4.97 |    100.00 
-----------+----------------------+----------
       189 |    14,592        791 |    15,383 
           |     94.86       5.14 |    100.00 
-----------+----------------------+----------
       190 |    14,037        775 |    14,812 
           |     94.77       5.23 |    100.00 
-----------+----------------------+----------
       191 |    13,275        740 |    14,015 
           |     94.72       5.28 |    100.00 
-----------+----------------------+----------
       192 |    12,923        758 |    13,681 
           |     94.46       5.54 |    100.00 
-----------+----------------------+----------
       193 |    12,813        724 |    13,537 
           |     94.65       5.35 |    100.00 
-----------+----------------------+----------
       194 |    12,417        691 |    13,108 
           |     94.73       5.27 |    100.00 
-----------+----------------------+----------
       195 |    11,926        639 |    12,565 
           |     94.91       5.09 |    100.00 
-----------+----------------------+----------
       196 |    11,340        604 |    11,944 
           |     94.94       5.06 |    100.00 
-----------+----------------------+----------
       197 |    11,487        616 |    12,103 
           |     94.91       5.09 |    100.00 
-----------+----------------------+----------
       198 |    11,511        579 |    12,090 
           |     95.21       4.79 |    100.00 
-----------+----------------------+----------
       199 |    11,607        555 |    12,162 
           |     95.44       4.56 |    100.00 
-----------+----------------------+----------
       200 |    11,357        594 |    11,951 
           |     95.03       4.97 |    100.00 
-----------+----------------------+----------
       201 |    11,301        594 |    11,895 
           |     95.01       4.99 |    100.00 
-----------+----------------------+----------
     Total | 1,070,318     59,900 | 1,130,218 
           |     94.70       5.30 |    100.00 

. do "C:\Users\LAFUEN~1\AppData\Local\Temp\STD5194_000000.tmp"

. log using "./descriptive_stats/grannies_10.log", replace nomsg
log file already open
r(604);

end of do-file

r(604);

. log close
