
. sqreg wife_ten_y hub_ten_y hub_ten_y2 part_time /// 
>                 college less_hs hub_age hub_se hub_college hub_less_hs ///
>                 i.period_y i.occgroup i.age if mother`par'==1&wife==1&employed&`ag'==1, q(.25 .5 .75) 
==1 invalid name
r(198);

end of do-file

r(198);

. do "C:\Users\LAFUEN~1\AppData\Local\Temp\STD33ec_000000.tmp"

. log using "./results/sqtreg_mothers_age3040_10_occ_agefix.log", replace nomsg
log file already open
r(604);

end of do-file

r(604);

. loc close

. do "C:\Users\LAFUEN~1\AppData\Local\Temp\STD33ec_000000.tmp"

. log using "./results/sqtreg_mothers_age3040_10_occ_agefix.log", replace nomsg
log file already open
r(604);

end of do-file

r(604);

. log close
