
. sqreg wife_ten_y hub_ten_y hub_ten_y2 part_time /// 
>                 college less_hs hub_age hub_se hub_college hub_less_hs ///
>                 i.yd  if mother==1&wife==1&employed&age>=30&age<35, q(.25 .5 .75) 
(fitting base model)

Bootstrap replications (20)
----+--- 1 ---+--- 2 ---+--- 3 ---+--- 4 ---+--- 5 
...--Break--
r(1);

end of do-file

--Break--
r(1);

. tab mother yd

           |                                                                       yd
    mother |      2005       2006       2007       2008       2009       2010       2011       2012       2013       2014       2015       2016       2017 |     Total
-----------+-----------------------------------------------------------------------------------------------------------------------------------------------+----------
         0 |   681,098    566,335    588,218    593,448    607,132    611,455    601,423    605,394    607,233    600,815    585,897    569,329    564,873 |10,419,464 
         1 |    74,927     62,460     65,213     65,760     67,159     67,937     66,997     67,016     66,844     65,646     62,861     60,949     60,644 | 1,124,345 
-----------+-----------------------------------------------------------------------------------------------------------------------------------------------+----------
     Total |   756,025    628,795    653,431    659,208    674,291    679,392    668,420    672,410    674,077    666,461    648,758    630,278    625,517 |11,543,809 


           |                           yd
    mother |      2018       2019       2020       2021       2022 |     Total
-----------+-------------------------------------------------------+----------
         0 |   574,249    582,086    535,625    485,771    459,083 |10,419,464 
         1 |    60,411     60,674     54,556     48,194     46,097 | 1,124,345 
-----------+-------------------------------------------------------+----------
     Total |   634,660    642,760    590,181    533,965    505,180 |11,543,809 

. tab yd mother

           |        mother
        yd |         0          1 |     Total
-----------+----------------------+----------
      2005 |   681,098     74,927 |   756,025 
      2006 |   566,335     62,460 |   628,795 
      2007 |   588,218     65,213 |   653,431 
      2008 |   593,448     65,760 |   659,208 
      2009 |   607,132     67,159 |   674,291 
      2010 |   611,455     67,937 |   679,392 
      2011 |   601,423     66,997 |   668,420 
      2012 |   605,394     67,016 |   672,410 
      2013 |   607,233     66,844 |   674,077 
      2014 |   600,815     65,646 |   666,461 
      2015 |   585,897     62,861 |   648,758 
      2016 |   569,329     60,949 |   630,278 
      2017 |   564,873     60,644 |   625,517 
      2018 |   574,249     60,411 |   634,660 
      2019 |   582,086     60,674 |   642,760 
      2020 |   535,625     54,556 |   590,181 
      2021 |   485,771     48,194 |   533,965 
      2022 |   459,083     46,097 |   505,180 
-----------+----------------------+----------
     Total |10,419,464  1,124,345 |11,543,809 

. tab yd wife

           |         wife
        yd |         0          1 |     Total
-----------+----------------------+----------
      2005 |   664,635     91,390 |   756,025 
      2006 |   532,771     96,024 |   628,795 
      2007 |   553,749     99,682 |   653,431 
      2008 |   558,557    100,651 |   659,208 
      2009 |   571,918    102,373 |   674,291 
      2010 |   576,426    102,966 |   679,392 
      2011 |   568,005    100,415 |   668,420 
      2012 |   573,562     98,848 |   672,410 
      2013 |   576,591     97,486 |   674,077 
      2014 |   571,403     95,058 |   666,461 
      2015 |   558,548     90,210 |   648,758 
      2016 |   544,544     85,734 |   630,278 
      2017 |   541,074     84,443 |   625,517 
      2018 |   549,497     85,163 |   634,660 
      2019 |   557,912     84,848 |   642,760 
      2020 |   514,228     75,953 |   590,181 
      2021 |   467,633     66,332 |   533,965 
      2022 |   442,822     62,358 |   505,180 
-----------+----------------------+----------
     Total | 9,923,875  1,619,934 |11,543,809 

. tab yd hub_emp

           |        hub_emp
        yd |         0          1 |     Total
-----------+----------------------+----------
      2005 |   609,478    146,547 |   756,025 
      2006 |   568,617     60,178 |   628,795 
      2007 |   590,588     62,843 |   653,431 
      2008 |   597,216     61,992 |   659,208 
      2009 |   614,207     60,084 |   674,291 
      2010 |   546,271    133,121 |   679,392 
      2011 |   468,317    200,103 |   668,420 
      2012 |   485,087    187,323 |   672,410 
      2013 |   492,998    181,079 |   674,077 
      2014 |   485,973    180,488 |   666,461 
      2015 |   470,159    178,599 |   648,758 
      2016 |   454,760    175,518 |   630,278 
      2017 |   449,070    176,447 |   625,517 
      2018 |   453,429    181,231 |   634,660 
      2019 |   460,371    182,389 |   642,760 
      2020 |   428,819    161,362 |   590,181 
      2021 |   389,848    144,117 |   533,965 
      2022 |   367,917    137,263 |   505,180 
-----------+----------------------+----------
     Total | 8,933,125  2,610,684 |11,543,809 

. tab yd  wife_ten_y
too many values
r(134);

. tab yd, sum(wife_ten_y)

            |        Summary of wife_ten_y
         yd |        Mean   Std. dev.       Freq.
------------+------------------------------------
       2005 |   9.8350245   9.1090908     216,956
       2006 |   9.6787637   9.0412793     189,977
       2007 |   9.5337579   9.0152274     204,414
       2008 |   9.5389177   8.9812718     209,260
       2009 |   9.7374559   8.8838566     208,777
       2010 |   9.8693087   8.7683274     210,283
       2011 |   10.028252   8.6496474     206,173
       2012 |   10.319547   8.5646551     199,886
       2013 |   10.619768   8.5870534     196,674
       2014 |   10.664201   8.5866829     194,543
       2015 |   10.687885   8.5812293     188,403
       2016 |   10.678818   8.5950624     185,459
       2017 |   10.546532   8.5792898     187,855
       2018 |   10.455054   8.6213966     195,318
       2019 |   10.480774    8.610466     199,323
       2020 |   10.948012   8.6761983     178,193
       2021 |   10.873896   8.6801244     160,538
       2022 |   10.799723   8.6459814     154,384
------------+------------------------------------
      Total |   10.265446   8.7530682   3,486,416

. tab yd if mother==1&wife==1&employed&age>=30&age<35, sum(wife_ten_y)

            |        Summary of wife_ten_y
         yd |        Mean   Std. dev.       Freq.
------------+------------------------------------
       2005 |   5.0342404   4.4967906       4,281
       2006 |   4.9071463   4.3530363       4,858
       2007 |   4.8321033   4.2701477       5,149
       2008 |   4.9447404   4.2319022       5,349
       2009 |   5.1888118   4.1250952       5,479
       2010 |   5.3426547   4.0644751       5,516
       2011 |   5.6023602   4.0313472       5,155
       2012 |     5.82727   4.1071757       4,508
       2013 |   6.0652589   4.1621825       4,191
       2014 |   6.1755113   4.2373144       4,042
       2015 |   6.2800752   4.3173499       3,724
       2016 |   6.1730111   4.4150794       3,507
       2017 |   6.0804272    4.540703       3,269
       2018 |    5.700431   4.6405975       3,248
       2019 |   5.4799919   4.6085647       3,282
       2020 |   5.6671783   4.6725034       2,606
       2021 |    5.256687   4.5074929       2,131
       2022 |   4.7628759   4.1533308       1,851
------------+------------------------------------
      Total |   5.4937234   4.3282252      72,146

. reg wife_emp hub_ten_y i.ccaa i.act1 /// 
/ invalid name
r(198);

. 
. >                 college less_hs hub_age hub_age2 hub_college hub_less_hs ///
> is not a valid command name
r(199);

. 
. >                 i.yd  if mother==1&wife==1&hub_emp&age>=30&age<35&state!="A" 
> is not a valid command name
r(199);

. reg wife_emp hub_ten_y i.ccaa i.act1 college less_hs hub_age hub_age2 hub_college hub_less_hs i.yd  if mother==1&wife==1&hub_emp&age>=30&age<35&state!="A"

      Source |       SS           df       MS      Number of obs   =    40,774
-------------+----------------------------------   F(47, 40726)    =     50.33
       Model |  336.317617        47  7.15569398   Prob > F        =    0.0000
    Residual |  5790.44552    40,726  .142180561   R-squared       =    0.0549
-------------+----------------------------------   Adj R-squared   =    0.0538
       Total |  6126.76313    40,773  .150265203   Root MSE        =    .37707

------------------------------------------------------------------------------
    wife_emp | Coefficient  Std. err.      t    P>|t|     [95% conf. interval]
-------------+----------------------------------------------------------------
   hub_ten_y |    .002979   .0003415     8.72   0.000     .0023097    .0036482
             |
        ccaa |
          2  |   .0936772   .0100735     9.30   0.000     .0739329    .1134214
          3  |   .0659169   .0154052     4.28   0.000     .0357224    .0961114
          4  |   .0540671   .0124494     4.34   0.000      .029666    .0784682
          5  |   .0469163   .0109001     4.30   0.000     .0255518    .0682808
          6  |   .0729469    .013086     5.57   0.000     .0472981    .0985956
          7  |   .0607435   .0083001     7.32   0.000     .0444751    .0770118
          8  |   .0481636   .0082877     5.81   0.000     .0319195    .0644077
          9  |   .0826722   .0070889    11.66   0.000     .0687778    .0965665
         10  |    .040252   .0078764     5.11   0.000     .0248141    .0556898
         11  |  -.0548676   .0107645    -5.10   0.000    -.0759664   -.0337689
         12  |   .0464863   .0079228     5.87   0.000     .0309575    .0620151
         13  |   .0981459    .008611    11.40   0.000     .0812681    .1150237
         14  |   .0444577   .0113448     3.92   0.000     .0222216    .0666938
         15  |   .0535373   .0129941     4.12   0.000     .0280687     .079006
         16  |   .0672823   .0099208     6.78   0.000     .0478373    .0867274
         17  |   .0847486   .0143095     5.92   0.000     .0567017    .1127955
         51  |  -.1011414   .0269813    -3.75   0.000    -.1540254   -.0482574
         52  |   .0472403   .0294524     1.60   0.109     -.010487    .1049676
             |
        act1 |
          1  |   .2212478   .0138965    15.92   0.000     .1940104    .2484852
          2  |    .262713    .015572    16.87   0.000     .2321916    .2932345
          3  |   .3281906   .0168673    19.46   0.000     .2951302    .3612509
          4  |     .19142   .0222124     8.62   0.000     .1478832    .2349568
          5  |   .2299368   .0113929    20.18   0.000     .2076066    .2522671
          6  |   .2507835   .0145017    17.29   0.000     .2223597    .2792072
          7  |   .2611159   .0122061    21.39   0.000     .2371917    .2850401
          8  |   .2529109   .0116817    21.65   0.000     .2300146    .2758072
          9  |   .2113933    .012529    16.87   0.000     .1868362    .2359505
             |
     college |   .0476181   .0044677    10.66   0.000     .0388612    .0563749
     less_hs |  -.0403028    .011692    -3.45   0.001    -.0632194   -.0173863
     hub_age |   .0198107   .0045861     4.32   0.000     .0108219    .0287995
    hub_age2 |  -.0002949   .0000654    -4.51   0.000     -.000423   -.0001667
 hub_college |   .0278517   .0043957     6.34   0.000      .019236    .0364675
 hub_less_hs |  -.0793816   .0098954    -8.02   0.000    -.0987767   -.0599865
             |
          yd |
       2010  |   .0145605    .013734     1.06   0.289    -.0123585    .0414795
       2011  |   .0122823   .0127328     0.96   0.335    -.0126743    .0372389
       2012  |   .0057432   .0129491     0.44   0.657    -.0196373    .0311237
       2013  |  -.0010546   .0130333    -0.08   0.936    -.0266002    .0244909
       2014  |   .0146996   .0130836     1.12   0.261    -.0109446    .0403438
       2015  |   .0255273   .0131624     1.94   0.052    -.0002713    .0513259
       2016  |   .0132961   .0131553     1.01   0.312    -.0124886    .0390809
       2017  |   .0290443   .0133153     2.18   0.029     .0029459    .0551426
       2018  |   .0264866   .0132871     1.99   0.046     .0004436    .0525297
       2019  |   .0155413    .013258     1.17   0.241    -.0104447    .0415272
       2020  |   .0055629   .0136765     0.41   0.684    -.0212434    .0323692
       2021  |     .05105   .0142673     3.58   0.000     .0230858    .0790141
       2022  |   .0196941   .0144404     1.36   0.173    -.0086093    .0479976
             |
       _cons |   .1407001   .0813313     1.73   0.084     -.018711    .3001111
------------------------------------------------------------------------------

. reg wife_emp hub_ten_y i.yd  if mother==1&wife==1&hub_emp&age>=30&age<35&state!="A"

      Source |       SS           df       MS      Number of obs   =    54,928
-------------+----------------------------------   F(14, 54913)    =     16.58
       Model |  55.2147601        14  3.94391143   Prob > F        =    0.0000
    Residual |  13064.3471    54,913  .237909915   R-squared       =    0.0042
-------------+----------------------------------   Adj R-squared   =    0.0040
       Total |  13119.5619    54,927  .238854514   Root MSE        =    .48776

------------------------------------------------------------------------------
    wife_emp | Coefficient  Std. err.      t    P>|t|     [95% conf. interval]
-------------+----------------------------------------------------------------
   hub_ten_y |   .0029787   .0003587     8.30   0.000     .0022757    .0036818
             |
          yd |
       2010  |   .0937679   .0145759     6.43   0.000     .0651991    .1223367
       2011  |    .081699   .0133793     6.11   0.000     .0554755    .1079225
       2012  |   .0853322   .0136438     6.25   0.000     .0585903    .1120741
       2013  |   .0736093   .0137262     5.36   0.000     .0467058    .1005128
       2014  |   .0782095    .013759     5.68   0.000     .0512417    .1051773
       2015  |   .0827765   .0138436     5.98   0.000     .0556429    .1099101
       2016  |   .0916141   .0139011     6.59   0.000     .0643679    .1188603
       2017  |   .0999294   .0140692     7.10   0.000     .0723537     .127505
       2018  |   .1120285   .0140963     7.95   0.000     .0843996    .1396573
       2019  |   .1333916   .0141529     9.43   0.000     .1056518    .1611313
       2020  |   .1290122   .0146758     8.79   0.000     .1002475    .1577768
       2021  |   .1426425   .0152977     9.32   0.000     .1126589    .1726262
       2022  |   .1179291   .0155043     7.61   0.000     .0875406    .1483175
             |
       _cons |   .4897292   .0120903    40.51   0.000      .466032    .5134264
------------------------------------------------------------------------------

. reg wife_emp i.yd  if mother==1&wife==1&hub_emp&age>=30&age<35&state!="A"

      Source |       SS           df       MS      Number of obs   =    54,928
-------------+----------------------------------   F(13, 54914)    =     12.53
       Model |  38.8063347        13  2.98510267   Prob > F        =    0.0000
    Residual |  13080.7556    54,914  .238204384   R-squared       =    0.0030
-------------+----------------------------------   Adj R-squared   =    0.0027
       Total |  13119.5619    54,927  .238854514   Root MSE        =    .48806

------------------------------------------------------------------------------
    wife_emp | Coefficient  Std. err.      t    P>|t|     [95% conf. interval]
-------------+----------------------------------------------------------------
          yd |
       2010  |    .093724   .0145849     6.43   0.000     .0651375    .1223104
       2011  |   .0819007   .0133876     6.12   0.000      .055661    .1081404
       2012  |   .0862479   .0136518     6.32   0.000     .0594903    .1130054
       2013  |   .0746874   .0137341     5.44   0.000     .0477684    .1016063
       2014  |   .0787949   .0137674     5.72   0.000     .0518107     .105779
       2015  |   .0828049   .0138522     5.98   0.000     .0556546    .1099553
       2016  |    .091072   .0139095     6.55   0.000     .0638093    .1183348
       2017  |   .1001527   .0140778     7.11   0.000     .0725601    .1277454
       2018  |   .1121527    .014105     7.95   0.000     .0845067    .1397986
       2019  |   .1327945   .0141615     9.38   0.000     .1050379     .160551
       2020  |   .1297221   .0146846     8.83   0.000     .1009401     .158504
       2021  |   .1439129   .0153064     9.40   0.000     .1139122    .1739136
       2022  |   .1179984   .0155138     7.61   0.000     .0875912    .1484057
             |
       _cons |   .5108632   .0118268    43.20   0.000     .4876826    .5340438
------------------------------------------------------------------------------

. reg wife_emp hub_ten_y i.ccaa i.act1 college less_hs hub_age hub_age2 hub_college hub_less_hs i.yd  if mother==1&wife==1

      Source |       SS           df       MS      Number of obs   =   402,254
-------------+----------------------------------   F(48, 402205)   =    847.41
       Model |  6808.87484        48  141.851559   Prob > F        =    0.0000
    Residual |  67326.9426   402,205  .167394594   R-squared       =    0.0918
-------------+----------------------------------   Adj R-squared   =    0.0917
       Total |  74135.8174   402,253  .184301466   Root MSE        =    .40914

------------------------------------------------------------------------------
    wife_emp | Coefficient  Std. err.      t    P>|t|     [95% conf. interval]
-------------+----------------------------------------------------------------
   hub_ten_y |   .0005693   .0000849     6.70   0.000     .0004029    .0007358
             |
        ccaa |
          2  |   .0641478   .0033917    18.91   0.000     .0575003    .0707953
          3  |   .0516526   .0045711    11.30   0.000     .0426933    .0606118
          4  |   .0440521   .0043566    10.11   0.000     .0355132     .052591
          5  |   .0697152   .0038743    17.99   0.000     .0621218    .0773087
          6  |    .072877   .0046544    15.66   0.000     .0637544    .0819995
          7  |   .0573024   .0027202    21.07   0.000     .0519709    .0626339
          8  |    .027982   .0029431     9.51   0.000     .0222135    .0337504
          9  |   .0775085   .0025676    30.19   0.000     .0724761    .0825409
         10  |   .0420312   .0028253    14.88   0.000     .0364936    .0475687
         11  |  -.0398409   .0038177   -10.44   0.000    -.0473235   -.0323584
         12  |   .0382642   .0025978    14.73   0.000     .0331725    .0433558
         13  |   .1056533   .0031061    34.01   0.000     .0995654    .1117411
         14  |   .0342736   .0040867     8.39   0.000     .0262638    .0422835
         15  |   .0641944   .0042974    14.94   0.000     .0557716    .0726172
         16  |   .0682011   .0033167    20.56   0.000     .0617005    .0747016
         17  |   .0660132   .0048519    13.61   0.000     .0565036    .0755227
         51  |  -.0181509   .0121397    -1.50   0.135    -.0419443    .0056425
         52  |   .0081723   .0117074     0.70   0.485    -.0147738    .0311183
             |
        act1 |
          1  |   .3823453   .0048891    78.20   0.000     .3727627    .3919279
          2  |   .4736663   .0053911    87.86   0.000     .4630999    .4842328
          3  |    .448604   .0057316    78.27   0.000     .4373702    .4598377
          4  |   .3214538   .0064241    50.04   0.000     .3088628    .3340449
          5  |   .2936316   .0039104    75.09   0.000     .2859673    .3012958
          6  |   .4114104   .0049706    82.77   0.000     .4016681    .4211526
          7  |   .3581566   .0041287    86.75   0.000     .3500645    .3662487
          8  |   .4852837   .0039466   122.96   0.000     .4775486    .4930189
          9  |   .2873253   .0043348    66.28   0.000     .2788291    .2958214
             |
     college |   .0451309   .0015454    29.20   0.000      .042102    .0481599
     less_hs |  -.0414426   .0046013    -9.01   0.000     -.050461   -.0324241
     hub_age |    .013808   .0011391    12.12   0.000     .0115753    .0160407
    hub_age2 |  -.0001839   .0000144   -12.78   0.000     -.000212   -.0001557
 hub_college |  -.0001782   .0014612    -0.12   0.903    -.0030422    .0026857
 hub_less_hs |  -.0408941   .0038418   -10.64   0.000    -.0484239   -.0333643
             |
          yd |
       2006  |   -.590814   .4091961    -1.44   0.149    -1.392826     .211198
       2010  |   .0240074   .0056623     4.24   0.000     .0129096    .0351052
       2011  |   .0244267    .005223     4.68   0.000     .0141897    .0346636
       2012  |   .0104397   .0052468     1.99   0.047     .0001562    .0207233
       2013  |   .0123099   .0052655     2.34   0.019     .0019897    .0226302
       2014  |   .0282271    .005265     5.36   0.000      .017908    .0385463
       2015  |    .030859   .0052652     5.86   0.000     .0205394    .0411786
       2016  |   .0417845   .0052624     7.94   0.000     .0314704    .0520986
       2017  |   .0503673    .005248     9.60   0.000     .0400813    .0606533
       2018  |   .0563675   .0052323    10.77   0.000     .0461123    .0666228
       2019  |   .0567714   .0052198    10.88   0.000     .0465408     .067002
       2020  |    .043733   .0052781     8.29   0.000     .0333882    .0540778
       2021  |   .0645028   .0053424    12.07   0.000     .0540318    .0749738
       2022  |   .0597536   .0053598    11.15   0.000     .0492485    .0702586
             |
       _cons |   .0175727   .0229723     0.76   0.444    -.0274523    .0625977
------------------------------------------------------------------------------

. reg wife_emp hub_ten_y i.ccaa i.act1 college less_hs hub_age hub_age2 hub_college hub_less_hs i.yd  if mother==1&wife==1&hub_emp

      Source |       SS           df       MS      Number of obs   =   316,321
-------------+----------------------------------   F(48, 316272)   =    527.95
       Model |  3764.50371        48  78.4271607   Prob > F        =    0.0000
    Residual |  46982.1751   316,272  .148549904   R-squared       =    0.0742
-------------+----------------------------------   Adj R-squared   =    0.0740
       Total |  50746.6788   316,320  .160428297   Root MSE        =    .38542

------------------------------------------------------------------------------
    wife_emp | Coefficient  Std. err.      t    P>|t|     [95% conf. interval]
-------------+----------------------------------------------------------------
   hub_ten_y |   .0014322   .0000909    15.76   0.000     .0012541    .0016104
             |
        ccaa |
          2  |   .0687094   .0036377    18.89   0.000     .0615796    .0758393
          3  |   .0521025   .0048072    10.84   0.000     .0426805    .0615245
          4  |   .0592787   .0047195    12.56   0.000     .0500286    .0685288
          5  |   .0555483   .0040405    13.75   0.000      .047629    .0634677
          6  |   .0709685   .0048931    14.50   0.000     .0613783    .0805588
          7  |   .0549182    .002915    18.84   0.000     .0492048    .0606315
          8  |   .0323634   .0031423    10.30   0.000     .0262045    .0385222
          9  |   .0805082   .0027383    29.40   0.000     .0751411    .0858753
         10  |   .0423088   .0030219    14.00   0.000      .036386    .0482317
         11  |  -.0449841   .0041114   -10.94   0.000    -.0530423   -.0369259
         12  |   .0416682   .0027926    14.92   0.000     .0361949    .0471415
         13  |   .0950432   .0032183    29.53   0.000     .0887354    .1013511
         14  |   .0419235   .0043547     9.63   0.000     .0333884    .0504585
         15  |   .0539186    .004536    11.89   0.000     .0450281    .0628091
         16  |   .0608605   .0034872    17.45   0.000     .0540257    .0676953
         17  |   .0603932   .0051861    11.65   0.000     .0502287    .0705578
         51  |  -.0242906   .0120986    -2.01   0.045    -.0480035   -.0005778
         52  |   .0096857   .0121032     0.80   0.424    -.0140361    .0334076
             |
        act1 |
          1  |   .3373246   .0054541    61.85   0.000     .3266347    .3480145
          2  |   .4202524   .0059277    70.90   0.000     .4086344    .4318705
          3  |   .4099881   .0062516    65.58   0.000     .3977352    .4222411
          4  |   .3444898    .007467    46.13   0.000     .3298547     .359125
          5  |    .288658   .0044862    64.34   0.000     .2798651    .2974509
          6  |   .3773341   .0055185    68.38   0.000     .3665179    .3881502
          7  |   .3233254   .0046896    68.95   0.000     .3141339    .3325169
          8  |   .4117877   .0045081    91.34   0.000      .402952    .4206234
          9  |   .2341692   .0048634    48.15   0.000     .2246371    .2437013
             |
     college |   .0434215   .0016482    26.34   0.000      .040191     .046652
     less_hs |  -.0318075   .0049066    -6.48   0.000    -.0414242   -.0221907
     hub_age |   .0167505   .0011918    14.06   0.000     .0144147    .0190863
    hub_age2 |  -.0002006   .0000151   -13.28   0.000    -.0002303    -.000171
 hub_college |  -.0040677   .0015572    -2.61   0.009    -.0071198   -.0010155
 hub_less_hs |  -.0270348   .0041961    -6.44   0.000    -.0352591   -.0188105
             |
          yd |
       2006  |  -.6793977   .3854919    -1.76   0.078    -1.434951    .0761555
       2010  |   .0166132   .0060642     2.74   0.006     .0047276    .0284989
       2011  |   .0162781   .0055983     2.91   0.004     .0053056    .0272505
       2012  |   .0018126   .0056273     0.32   0.747    -.0092168    .0128419
       2013  |   .0054819   .0056501     0.97   0.332    -.0055921    .0165559
       2014  |   .0199099   .0056465     3.53   0.000      .008843    .0309768
       2015  |   .0193882   .0056417     3.44   0.001     .0083306    .0304458
       2016  |   .0268361   .0056377     4.76   0.000     .0157863    .0378858
       2017  |   .0348757   .0056206     6.20   0.000     .0238594    .0458919
       2018  |   .0396711   .0056003     7.08   0.000     .0286947    .0506476
       2019  |   .0398378   .0055865     7.13   0.000     .0288885    .0507871
       2020  |   .0236019   .0056491     4.18   0.000     .0125298     .034674
       2021  |   .0487055   .0057148     8.52   0.000     .0375046    .0599064
       2022  |    .046665   .0057309     8.14   0.000     .0354325    .0578975
             |
       _cons |   .0128328    .024008     0.53   0.593    -.0342223    .0598878
------------------------------------------------------------------------------

. reg wife_emp hub_ten_y i.ccaa i.act1 college less_hs hub_age hub_age2 hub_college hub_less_hs i.yd  if mother==1&wife==1

      Source |       SS           df       MS      Number of obs   =   402,254
-------------+----------------------------------   F(48, 402205)   =    847.41
       Model |  6808.87484        48  141.851559   Prob > F        =    0.0000
    Residual |  67326.9426   402,205  .167394594   R-squared       =    0.0918
-------------+----------------------------------   Adj R-squared   =    0.0917
       Total |  74135.8174   402,253  .184301466   Root MSE        =    .40914

------------------------------------------------------------------------------
    wife_emp | Coefficient  Std. err.      t    P>|t|     [95% conf. interval]
-------------+----------------------------------------------------------------
   hub_ten_y |   .0005693   .0000849     6.70   0.000     .0004029    .0007358
             |
        ccaa |
          2  |   .0641478   .0033917    18.91   0.000     .0575003    .0707953
          3  |   .0516526   .0045711    11.30   0.000     .0426933    .0606118
          4  |   .0440521   .0043566    10.11   0.000     .0355132     .052591
          5  |   .0697152   .0038743    17.99   0.000     .0621218    .0773087
          6  |    .072877   .0046544    15.66   0.000     .0637544    .0819995
          7  |   .0573024   .0027202    21.07   0.000     .0519709    .0626339
          8  |    .027982   .0029431     9.51   0.000     .0222135    .0337504
          9  |   .0775085   .0025676    30.19   0.000     .0724761    .0825409
         10  |   .0420312   .0028253    14.88   0.000     .0364936    .0475687
         11  |  -.0398409   .0038177   -10.44   0.000    -.0473235   -.0323584
         12  |   .0382642   .0025978    14.73   0.000     .0331725    .0433558
         13  |   .1056533   .0031061    34.01   0.000     .0995654    .1117411
         14  |   .0342736   .0040867     8.39   0.000     .0262638    .0422835
         15  |   .0641944   .0042974    14.94   0.000     .0557716    .0726172
         16  |   .0682011   .0033167    20.56   0.000     .0617005    .0747016
         17  |   .0660132   .0048519    13.61   0.000     .0565036    .0755227
         51  |  -.0181509   .0121397    -1.50   0.135    -.0419443    .0056425
         52  |   .0081723   .0117074     0.70   0.485    -.0147738    .0311183
             |
        act1 |
          1  |   .3823453   .0048891    78.20   0.000     .3727627    .3919279
          2  |   .4736663   .0053911    87.86   0.000     .4630999    .4842328
          3  |    .448604   .0057316    78.27   0.000     .4373702    .4598377
          4  |   .3214538   .0064241    50.04   0.000     .3088628    .3340449
          5  |   .2936316   .0039104    75.09   0.000     .2859673    .3012958
          6  |   .4114104   .0049706    82.77   0.000     .4016681    .4211526
          7  |   .3581566   .0041287    86.75   0.000     .3500645    .3662487
          8  |   .4852837   .0039466   122.96   0.000     .4775486    .4930189
          9  |   .2873253   .0043348    66.28   0.000     .2788291    .2958214
             |
     college |   .0451309   .0015454    29.20   0.000      .042102    .0481599
     less_hs |  -.0414426   .0046013    -9.01   0.000     -.050461   -.0324241
     hub_age |    .013808   .0011391    12.12   0.000     .0115753    .0160407
    hub_age2 |  -.0001839   .0000144   -12.78   0.000     -.000212   -.0001557
 hub_college |  -.0001782   .0014612    -0.12   0.903    -.0030422    .0026857
 hub_less_hs |  -.0408941   .0038418   -10.64   0.000    -.0484239   -.0333643
             |
          yd |
       2006  |   -.590814   .4091961    -1.44   0.149    -1.392826     .211198
       2010  |   .0240074   .0056623     4.24   0.000     .0129096    .0351052
       2011  |   .0244267    .005223     4.68   0.000     .0141897    .0346636
       2012  |   .0104397   .0052468     1.99   0.047     .0001562    .0207233
       2013  |   .0123099   .0052655     2.34   0.019     .0019897    .0226302
       2014  |   .0282271    .005265     5.36   0.000      .017908    .0385463
       2015  |    .030859   .0052652     5.86   0.000     .0205394    .0411786
       2016  |   .0417845   .0052624     7.94   0.000     .0314704    .0520986
       2017  |   .0503673    .005248     9.60   0.000     .0400813    .0606533
       2018  |   .0563675   .0052323    10.77   0.000     .0461123    .0666228
       2019  |   .0567714   .0052198    10.88   0.000     .0465408     .067002
       2020  |    .043733   .0052781     8.29   0.000     .0333882    .0540778
       2021  |   .0645028   .0053424    12.07   0.000     .0540318    .0749738
       2022  |   .0597536   .0053598    11.15   0.000     .0492485    .0702586
             |
       _cons |   .0175727   .0229723     0.76   0.444    -.0274523    .0625977
------------------------------------------------------------------------------

. reg wife_emp hub_ten_y i.ccaa i.act1 college less_hs hub_age hub_age2 hub_college hub_less_hs i.yd

      Source |       SS           df       MS      Number of obs   = 2,030,026
-------------+----------------------------------   F(51, 2029974)  =   3594.42
       Model |  40333.4824        51  790.852595   Prob > F        =    0.0000
    Residual |  446640.014 2,029,974   .22002253   R-squared       =    0.0828
-------------+----------------------------------   Adj R-squared   =    0.0828
       Total |  486973.497 2,030,025  .239885468   Root MSE        =    .46907

------------------------------------------------------------------------------
    wife_emp | Coefficient  Std. err.      t    P>|t|     [95% conf. interval]
-------------+----------------------------------------------------------------
   hub_ten_y |  -.0010996   .0000398   -27.61   0.000    -.0011776   -.0010215
             |
        ccaa |
          2  |   .1371953   .0017397    78.86   0.000     .1337856     .140605
          3  |   .0739885   .0022773    32.49   0.000     .0695252    .0784518
          4  |   .1094746   .0022573    48.50   0.000     .1050504    .1138988
          5  |   .0820303   .0018723    43.81   0.000     .0783607       .0857
          6  |   .0855797    .002337    36.62   0.000     .0809992    .0901601
          7  |   .1083911   .0013659    79.35   0.000     .1057139    .1110683
          8  |   .0377707   .0014598    25.87   0.000     .0349095    .0406319
          9  |   .1517926   .0013027   116.52   0.000     .1492393    .1543458
         10  |   .0778377   .0014262    54.58   0.000     .0750425     .080633
         11  |   .0074272   .0019242     3.86   0.000     .0036558    .0111985
         12  |   .0892831   .0013434    66.46   0.000       .08665    .0919161
         13  |   .1481762   .0015902    93.18   0.000     .1450595    .1512929
         14  |   .0484949   .0020437    23.73   0.000     .0444893    .0525005
         15  |   .1431834   .0022656    63.20   0.000      .138743    .1476238
         16  |   .1366875   .0017324    78.90   0.000     .1332921     .140083
         17  |   .1321928   .0025056    52.76   0.000      .127282    .1371036
         51  |  -.0428779   .0056897    -7.54   0.000    -.0540295   -.0317263
         52  |  -.0339475   .0057486    -5.91   0.000    -.0452145   -.0226805
             |
        act1 |
          1  |   .1523851   .0021016    72.51   0.000      .148266    .1565042
          2  |   .1409082   .0019986    70.50   0.000     .1369911    .1448254
          3  |     .16015   .0021398    74.84   0.000      .155956     .164344
          4  |   .0767347   .0018617    41.22   0.000     .0730859    .0803835
          5  |     .11339   .0016864    67.24   0.000     .1100847    .1166953
          6  |   .1402586   .0019541    71.78   0.000     .1364287    .1440885
          7  |   .1844606   .0018485    99.79   0.000     .1808376    .1880836
          8  |   .2886346   .0017361   166.26   0.000      .285232    .2920373
          9  |   .1619518   .0020965    77.25   0.000     .1578428    .1660609
             |
     college |    .063441   .0010709    59.24   0.000     .0613421      .06554
     less_hs |  -.0407956   .0023002   -17.74   0.000    -.0453039   -.0362872
     hub_age |   .0154694   .0004688    33.00   0.000     .0145506    .0163883
    hub_age2 |  -.0002757   5.94e-06   -46.44   0.000    -.0002873    -.000264
 hub_college |   .0038705    .001062     3.64   0.000      .001789    .0059521
 hub_less_hs |  -.0644075   .0021769   -29.59   0.000     -.068674   -.0601409
             |
          yd |
       2006  |  -.0069717   .0021247    -3.28   0.001     -.011136   -.0028074
       2007  |   .0134596   .0020983     6.41   0.000      .009347    .0175722
       2008  |   .0207779    .002109     9.85   0.000     .0166443    .0249115
       2009  |   .0177961    .002137     8.33   0.000     .0136077    .0219844
       2010  |    .056281   .0019161    29.37   0.000     .0525255    .0600365
       2011  |   .0778913   .0018083    43.07   0.000     .0743472    .0814355
       2012  |   .0632994   .0018402    34.40   0.000     .0596927    .0669061
       2013  |   .0576984     .00186    31.02   0.000     .0540527     .061344
       2014  |   .0682465    .001867    36.55   0.000     .0645872    .0719058
       2015  |   .0785724   .0018732    41.95   0.000     .0749009    .0822438
       2016  |   .0906475   .0018815    48.18   0.000     .0869598    .0943352
       2017  |     .10429   .0018765    55.58   0.000     .1006122    .1079677
       2018  |   .1221107   .0018643    65.50   0.000     .1184568    .1257647
       2019  |   .1317227   .0018574    70.92   0.000     .1280823    .1353631
       2020  |    .120869   .0019174    63.04   0.000     .1171109     .124627
       2021  |   .1346294   .0019852    67.82   0.000     .1307385    .1385203
       2022  |   .1464663   .0020101    72.87   0.000     .1425266     .150406
             |
       _cons |   .1179354   .0092848    12.70   0.000     .0997375    .1361333
------------------------------------------------------------------------------

. tab wife_emp mother

           |        mother
  wife_emp |         0          1 |     Total
-----------+----------------------+----------
         0 | 7,986,468    615,299 | 8,601,767 
         1 | 2,432,996    509,046 | 2,942,042 
-----------+----------------------+----------
     Total |10,419,464  1,124,345 |11,543,809 

. tab yd wife_emp mother
too many variables specified
r(103);

. tab yd wife_emp,sum(mother)

           Means, Standard Deviations and Frequencies of mother

           |      wife_emp
        yd |         0          1 |     Total
-----------+----------------------+----------
      2005 | .07938465  .16438723 | .09910651
           | .27033841  .37062765 | .29880517
           |    580616     175409 |    756025
-----------+----------------------+----------
      2006 | .07769637   .1651349 | .09933285
           | .26769347  .37130345 | .29910864
           |    473201     155594 |    628795
-----------+----------------------+----------
      2007 | .07682545  .16573002 |  .0998009
           | .26631456  .37183921 | .29973458
           |    484566     168865 |    653431
-----------+----------------------+----------
      2008 | .07579686  .16696683 | .09975607
           | .26467308  .37294733 | .29967471
           |    485970     173238 |    659208
-----------+----------------------+----------
      2009 | .07578042  .16731926 | .09959943
           | .26464672  .37326173 | .29946539
           |    498836     175455 |    674291
-----------+----------------------+----------
      2010 | .07596903  .16773758 | .09999676
           | .26494882  .37363414 |  .2999959
           |    501507     177885 |    679392
-----------+----------------------+----------
      2011 |  .0755398  .17015398 | .10023189
           | .26426063  .37576909 | .30030916
           |    493978     174442 |    668420
-----------+----------------------+----------
      2012 | .07553955  .17180666 | .09966538
           | .26426022  .37721344 | .29955355
           |    503895     168515 |    672410
-----------+----------------------+----------
      2013 | .07530136  .17241005 | .09916375
           | .26387726  .37773759 | .29888197
           |    508437     165640 |    674077
-----------+----------------------+----------
      2014 | .07348024  .17479993 | .09849939
           | .26092343  .37979704 | .29798891
           |    501890     164571 |    666461
-----------+----------------------+----------
      2015 |  .0712388  .17514202 | .09689437
           | .25722358  .38008972 | .29581411
           |    488568     160190 |    648758
-----------+----------------------+----------
      2016 | .06961889  .17832261 | .09670177
           |  .2545039  .38278531 | .29555148
           |    473248     157030 |    630278
-----------+----------------------+----------
      2017 | .06836244  .17998415 |  .0969502
           |  .2523671  .38417545 | .29589018
           |    465314     160203 |    625517
-----------+----------------------+----------
      2018 | .06533148  .17797608 |  .0951864
           | .24711012  .38249374 | .29347246
           |    466452     168208 |    634660
-----------+----------------------+----------
      2019 | .06353332  .17894106 | .09439604
           |    .24392  .38330407 | .29237914
           |    470871     171889 |    642760
-----------+----------------------+----------
      2020 |  .0617094  .17993195 | .09243944
           | .24062727  .38413201 | .28964553
           |    436773     153408 |    590181
-----------+----------------------+----------
      2021 | .05830462  .18153059 | .09025685
           | .23431885  .38545857 | .28654966
           |    395509     138456 |    533965
-----------+----------------------+----------
      2022 | .05903487  .18135354 | .09124866
           | .23569027  .38531227 | .28796269
           |    372136     133044 |    505180
-----------+----------------------+----------
     Total |  .0715317  .17302472 | .09739809
           | .25771093  .37826871 | .29649909
           |   8601767    2942042 |  11543809

. tab yd wife_emp,sum(wife)

            Means, Standard Deviations and Frequencies of wife

           |      wife_emp
        yd |         0          1 |     Total
-----------+----------------------+----------
      2005 |  .0870851  .23275317 | .12088225
           | .28195996  .42258744 |  .3259906
           |    580616     175409 |    756025
-----------+----------------------+----------
      2006 | .10686368  .29214494 | .15271114
           | .30894018  .45475005 | .35970912
           |    473201     155594 |    628795
-----------+----------------------+----------
      2007 | .10378978  .29247624 | .15255168
           | .30498796  .45490121 | .35955509
           |    484566     168865 |    653431
-----------+----------------------+----------
      2008 | .10214622  .29445618 | .15268474
           | .30284082  .45579923 | .35968362
           |    485970     173238 |    659208
-----------+----------------------+----------
      2009 | .10095703  .29644068 | .15182317
           | .30127212  .45668895 | .35884967
           |    498836     175455 |    674291
-----------+----------------------+----------
      2010 |  .1001003  .29662422 |  .1515561
           | .30013398  .45677069 | .35859035
           |    501507     177885 |    679392
-----------+----------------------+----------
      2011 | .09833434  .29717614 |  .1502274
           | .29776648  .45701606 | .35729445
           |    493978     174442 |    668420
-----------+----------------------+----------
      2012 | .09731988  .29557606 | .14700555
           | .29639314  .45630263 | .35411171
           |    503895     168515 |    672410
-----------+----------------------+----------
      2013 | .09563427  .29498913 | .14462146
           | .29408931  .45603925 | .35171903
           |    508437     165640 |    674077
-----------+----------------------+----------
      2014 | .09258802  .29524643 |   .142631
           | .28985452  .45615484 | .34969641
           |    501890     164571 |    666461
-----------+----------------------+----------
      2015 | .08799799  .29475623 | .13905031
           | .28329226  .45593453 | .34599928
           |    488568     160190 |    648758
-----------+----------------------+----------
      2016 | .08349533  .29433866 | .13602569
           | .27662976  .45574635 | .34281611
           |    473248     157030 |    630278
-----------+----------------------+----------
      2017 | .07996751  .29483218 | .13499713
           | .27124318  .45596871 | .34172078
           |    465314     160203 |    625517
-----------+----------------------+----------
      2018 | .07612788   .2951881 | .13418681
           | .26520289  .45612863 | .34085318
           |    466452     168208 |    634660
-----------+----------------------+----------
      2019 | .07218113  .29588863 | .13200573
           | .25878786   .4564425 | .33849726
           |    470871     171889 |    642760
-----------+----------------------+----------
      2020 | .07070034  .29381127 | .12869442
           | .25632392  .45550803 | .33486169
           |    436773     153408 |    590181
-----------+----------------------+----------
      2021 |  .0657937  .29113942 | .12422537
           | .24792145  .45428928 |  .3298388
           |    395509     138456 |    533965
-----------+----------------------+----------
      2022 | .06332362  .29158023 | .12343719
           | .24354446  .45449175 | .32893869
           |    372136     133044 |    505180
-----------+----------------------+----------
     Total |  .0888207  .29092685 | .14032924
           | .28448479  .45418992 | .34732831
           |   8601767    2942042 |  11543809

. reg wife_emp hub_ten_y i.yd  if mother==1&wife==1&hub_emp&age>=30&age<35&state!="A"

      Source |       SS           df       MS      Number of obs   =    54,928
-------------+----------------------------------   F(14, 54913)    =     16.58
       Model |  55.2147601        14  3.94391143   Prob > F        =    0.0000
    Residual |  13064.3471    54,913  .237909915   R-squared       =    0.0042
-------------+----------------------------------   Adj R-squared   =    0.0040
       Total |  13119.5619    54,927  .238854514   Root MSE        =    .48776

------------------------------------------------------------------------------
    wife_emp | Coefficient  Std. err.      t    P>|t|     [95% conf. interval]
-------------+----------------------------------------------------------------
   hub_ten_y |   .0029787   .0003587     8.30   0.000     .0022757    .0036818
             |
          yd |
       2010  |   .0937679   .0145759     6.43   0.000     .0651991    .1223367
       2011  |    .081699   .0133793     6.11   0.000     .0554755    .1079225
       2012  |   .0853322   .0136438     6.25   0.000     .0585903    .1120741
       2013  |   .0736093   .0137262     5.36   0.000     .0467058    .1005128
       2014  |   .0782095    .013759     5.68   0.000     .0512417    .1051773
       2015  |   .0827765   .0138436     5.98   0.000     .0556429    .1099101
       2016  |   .0916141   .0139011     6.59   0.000     .0643679    .1188603
       2017  |   .0999294   .0140692     7.10   0.000     .0723537     .127505
       2018  |   .1120285   .0140963     7.95   0.000     .0843996    .1396573
       2019  |   .1333916   .0141529     9.43   0.000     .1056518    .1611313
       2020  |   .1290122   .0146758     8.79   0.000     .1002475    .1577768
       2021  |   .1426425   .0152977     9.32   0.000     .1126589    .1726262
       2022  |   .1179291   .0155043     7.61   0.000     .0875406    .1483175
             |
       _cons |   .4897292   .0120903    40.51   0.000      .466032    .5134264
------------------------------------------------------------------------------

. reg wife_emp hub_ten_y i.yd  if mother==1&wife==1

      Source |       SS           df       MS      Number of obs   =   530,861
-------------+----------------------------------   F(17, 530843)   =    329.50
       Model |  1356.18738        17   79.775728   Prob > F        =    0.0000
    Residual |  128522.997   530,843  .242111128   R-squared       =    0.0104
-------------+----------------------------------   Adj R-squared   =    0.0104
       Total |  129879.185   530,860  .244658073   Root MSE        =    .49205

------------------------------------------------------------------------------
    wife_emp | Coefficient  Std. err.      t    P>|t|     [95% conf. interval]
-------------+----------------------------------------------------------------
   hub_ten_y |   .0010066   .0000791    12.72   0.000     .0008515    .0011617
             |
          yd |
       2006  |  -.4379669   .4920686    -0.89   0.373    -1.402406     .526472
       2007  |  -.4427482   .4920687    -0.90   0.368    -1.407187    .5216908
       2009  |  -.4387218   .4920686    -0.89   0.373    -1.403161     .525717
       2010  |   .0874444   .0055237    15.83   0.000     .0766181    .0982708
       2011  |   .0921292   .0050559    18.22   0.000     .0822197    .1020386
       2012  |    .086085   .0050796    16.95   0.000     .0761292    .0960408
       2013  |   .0828104   .0050924    16.26   0.000     .0728294    .0927914
       2014  |   .0979564   .0050928    19.23   0.000     .0879746    .1079381
       2015  |   .1089886   .0051002    21.37   0.000     .0989924    .1189849
       2016  |   .1311934   .0051072    25.69   0.000     .1211834    .1412034
       2017  |   .1496384   .0051033    29.32   0.000     .1396362    .1596407
       2018  |    .170675   .0050971    33.48   0.000     .1606848    .1806651
       2019  |   .1890576   .0050944    37.11   0.000     .1790728    .1990424
       2020  |   .1883975   .0051667    36.46   0.000     .1782709    .1985242
       2021  |   .2023773   .0052365    38.65   0.000     .1921139    .2126406
       2022  |   .2122513   .0052686    40.29   0.000     .2019251    .2225775
             |
       _cons |   .4279009   .0045902    93.22   0.000     .4189041    .4368976
------------------------------------------------------------------------------

. reg wife_emp hub_ten_y i.yd  if mother==1&wife==1&hub_emp

      Source |       SS           df       MS      Number of obs   =   415,490
-------------+----------------------------------   F(17, 415472)   =    275.41
       Model |   1102.9793        17   64.881135   Prob > F        =    0.0000
    Residual |  97877.1108   415,472  .235580522   R-squared       =    0.0111
-------------+----------------------------------   Adj R-squared   =    0.0111
       Total |  98980.0901   415,489  .238225537   Root MSE        =    .48537

------------------------------------------------------------------------------
    wife_emp | Coefficient  Std. err.      t    P>|t|     [95% conf. interval]
-------------+----------------------------------------------------------------
   hub_ten_y |   .0024184   .0000887    27.26   0.000     .0022445    .0025923
             |
          yd |
       2006  |  -.4790337   .4853932    -0.99   0.324     -1.43039    .4723223
       2007  |  -.4905211   .4853933    -1.01   0.312    -1.441877    .4608351
       2009  |  -.4808475   .4853932    -0.99   0.322    -1.432203    .4705085
       2010  |   .0842417   .0062305    13.52   0.000     .0720302    .0964532
       2011  |    .088267   .0057083    15.46   0.000     .0770789    .0994551
       2012  |   .0822161   .0057382    14.33   0.000     .0709694    .0934629
       2013  |   .0783273   .0057555    13.61   0.000     .0670467     .089608
       2014  |   .0921146   .0057511    16.02   0.000     .0808427    .1033866
       2015  |   .1028796   .0057554    17.88   0.000     .0915992      .11416
       2016  |   .1206102   .0057602    20.94   0.000     .1093203       .1319
       2017  |   .1388686   .0057519    24.14   0.000      .127595    .1501422
       2018  |   .1602293   .0057413    27.91   0.000     .1489765    .1714821
       2019  |   .1789148   .0057365    31.19   0.000     .1676714    .1901582
       2020  |   .1731836   .0058162    29.78   0.000     .1617841    .1845832
       2021  |   .1917249   .0058903    32.55   0.000     .1801802    .2032697
       2022  |   .2083577   .0059262    35.16   0.000     .1967425    .2199728
             |
       _cons |   .4548495   .0051885    87.67   0.000     .4446803    .4650188
------------------------------------------------------------------------------

. tab state if wife_emp&wife

      state |      Freq.     Percent        Cum.
------------+-----------------------------------
          A |        120        0.01        0.01
          I |        151        0.02        0.03
          P |    648,447       75.76       75.79
          T |    207,021       24.19       99.98
          U |        180        0.02      100.00
------------+-----------------------------------
      Total |    855,919      100.00

. reg wife_emp hub_ten_y i.yd  if mother==1&wife==1&hub_emp&state!="A"

      Source |       SS           df       MS      Number of obs   =   392,141
-------------+----------------------------------   F(17, 392123)   =    327.14
       Model |  1256.05412        17  73.8855367   Prob > F        =    0.0000
    Residual |  88563.3899   392,123  .225856147   R-squared       =    0.0140
-------------+----------------------------------   Adj R-squared   =    0.0139
       Total |  89819.4441   392,140  .229049431   Root MSE        =    .47524

------------------------------------------------------------------------------
    wife_emp | Coefficient  Std. err.      t    P>|t|     [95% conf. interval]
-------------+----------------------------------------------------------------
   hub_ten_y |    .002798   .0000894    31.30   0.000     .0026228    .0029732
             |
          yd |
       2006  |  -.5062624    .475271    -1.07   0.287    -1.437779    .4252545
       2007  |  -.5195529   .4752712    -1.09   0.274     -1.45107    .4119643
       2009  |  -.5083609    .475271    -1.07   0.285    -1.439878     .423156
       2010  |   .0887594   .0062722    14.15   0.000     .0764661    .1010527
       2011  |   .0936609   .0057472    16.30   0.000     .0823965    .1049253
       2012  |   .0867042   .0057769    15.01   0.000     .0753816    .0980268
       2013  |   .0829524   .0057947    14.32   0.000     .0715951    .0943097
       2014  |   .0971055   .0057897    16.77   0.000     .0857578    .1084532
       2015  |   .1093531    .005795    18.87   0.000      .097995    .1207112
       2016  |   .1304196   .0058021    22.48   0.000     .1190478    .1417915
       2017  |   .1486639   .0057926    25.66   0.000     .1373106    .1600171
       2018  |    .171749   .0057822    29.70   0.000      .160416     .183082
       2019  |   .1908511   .0057767    33.04   0.000     .1795289    .2021732
       2020  |   .1844479   .0058569    31.49   0.000     .1729686    .1959272
       2021  |    .207196   .0059349    34.91   0.000     .1955637    .2188283
       2022  |   .2261109   .0059727    37.86   0.000     .2144047    .2378172
             |
       _cons |   .4782824    .005224    91.55   0.000     .4680435    .4885213
------------------------------------------------------------------------------

. reg wife_emp hub_ten_y i.yd  if mother==1&wife==1&age>=30&age<35

      Source |       SS           df       MS      Number of obs   =    70,689
-------------+----------------------------------   F(14, 70674)    =     15.99
       Model |  55.2397315        14  3.94569511   Prob > F        =    0.0000
    Residual |  17441.3811    70,674  .246786386   R-squared       =    0.0032
-------------+----------------------------------   Adj R-squared   =    0.0030
       Total |  17496.6208    70,688  .247518968   Root MSE        =    .49678

------------------------------------------------------------------------------
    wife_emp | Coefficient  Std. err.      t    P>|t|     [95% conf. interval]
-------------+----------------------------------------------------------------
   hub_ten_y |    .001164   .0003197     3.64   0.000     .0005374    .0017906
             |
          yd |
       2010  |   .1119966   .0128442     8.72   0.000     .0868219    .1371712
       2011  |   .0996613   .0117506     8.48   0.000     .0766303    .1226924
       2012  |   .0916666   .0119908     7.64   0.000     .0681646    .1151686
       2013  |   .0873322   .0120875     7.23   0.000     .0636409    .1110236
       2014  |   .0891314    .012108     7.36   0.000     .0653997     .112863
       2015  |   .1004056   .0121956     8.23   0.000     .0765023    .1243089
       2016  |   .1113683    .012275     9.07   0.000     .0873094    .1354272
       2017  |   .1090443   .0123928     8.80   0.000     .0847545    .1333341
       2018  |   .1222776   .0124453     9.83   0.000     .0978848    .1466704
       2019  |   .1443897   .0124918    11.56   0.000     .1199058    .1688736
       2020  |   .1411866   .0129909    10.87   0.000     .1157244    .1666488
       2021  |   .1496575   .0135536    11.04   0.000     .1230925    .1762225
       2022  |    .114233   .0136959     8.34   0.000      .087389     .141077
             |
       _cons |   .4352262   .0105948    41.08   0.000     .4144605     .455992
------------------------------------------------------------------------------

. tab yd age if mother&wife

           |                                     age
        yd |        20         25         30         35         40         45         50 |     Total
-----------+-----------------------------------------------------------------------------+----------
      2005 |       745      3,526      9,424     15,439     14,050      6,905      1,854 |    51,943 
      2006 |       812      3,591     10,013     15,536     15,040      7,622      1,926 |    54,540 
      2007 |       859      3,645     10,179     16,023     15,422      8,369      2,035 |    56,532 
      2008 |       860      3,606     10,135     15,829     15,756      8,618      2,190 |    56,994 
      2009 |       860      3,539     10,390     15,757     15,869      8,998      2,267 |    57,680 
      2010 |       790      3,277     10,504     15,784     16,053      9,322      2,426 |    58,156 
      2011 |       692      3,025      9,826     15,333     16,059      9,797      2,577 |    57,309 
      2012 |       632      2,827      8,813     15,709     15,931      9,959      2,958 |    56,829 
      2013 |       630      2,637      8,295     15,372     15,845     10,357      3,113 |    56,249 
      2014 |       552      2,597      7,882     14,924     15,551     10,382      3,269 |    55,157 
      2015 |       481      2,344      7,204     13,835     15,325     10,111      3,496 |    52,796 
      2016 |       475      2,138      6,743     12,917     14,525     10,288      3,725 |    50,811 
      2017 |       420      2,001      6,160     12,572     14,705     10,693      3,842 |    50,393 
      2018 |       397      1,884      5,937     12,086     14,905     11,079      4,058 |    50,346 
      2019 |       414      1,840      5,827     11,436     15,216     11,420      4,272 |    50,425 
      2020 |       272      1,405      4,710     10,149     13,725     10,932      4,202 |    45,395 
      2021 |       175      1,060      3,782      8,755     12,329     10,002      4,072 |    40,175 
      2022 |       218      1,070      3,538      8,016     11,453      9,918      3,908 |    38,121 
-----------+-----------------------------------------------------------------------------+----------
     Total |    10,284     46,012    139,362    245,472    267,759    174,772     56,190 |   939,851 

. tab yd age if mother&wife&wife_emp

           |                                     age
        yd |        20         25         30         35         40         45         50 |     Total
-----------+-----------------------------------------------------------------------------+----------
      2005 |       241      1,361      4,281      6,949      6,452      3,105        573 |    22,962 
      2006 |       293      1,521      4,858      7,335      7,293      3,514        649 |    25,463 
      2007 |       304      1,660      5,150      7,952      7,805      4,037        849 |    27,757 
      2008 |       328      1,668      5,350      8,222      7,934      4,272        890 |    28,664 
      2009 |       240      1,528      5,481      8,095      8,133      4,574      1,044 |    29,095 
      2010 |       216      1,450      5,516      8,131      8,242      4,807      1,166 |    29,528 
      2011 |       192      1,318      5,156      8,271      8,196      4,962      1,334 |    29,429 
      2012 |       141      1,134      4,508      8,458      8,126      4,931      1,394 |    28,692 
      2013 |       129      1,059      4,193      8,147      7,996      5,208      1,567 |    28,299 
      2014 |       115      1,076      4,042      8,240      8,100      5,265      1,695 |    28,533 
      2015 |       121        859      3,724      7,739      8,332      5,240      1,822 |    27,837 
      2016 |       105        715      3,508      7,704      8,302      5,466      2,012 |    27,812 
      2017 |       100        785      3,269      7,647      8,794      5,937      2,118 |    28,650 
      2018 |        86        742      3,248      7,597      9,288      6,551      2,240 |    29,752 
      2019 |       102        728      3,280      7,250      9,787      6,980      2,463 |    30,590 
      2020 |        63        574      2,607      6,308      8,663      6,811      2,428 |    27,454 
      2021 |        35        410      2,131      5,448      8,000      6,496      2,494 |    25,014 
      2022 |        42        404      1,851      5,030      7,589      6,605      2,488 |    24,009 
-----------+-----------------------------------------------------------------------------+----------
     Total |     2,853     18,992     72,153    134,523    147,032     94,761     29,226 |   499,540 

. tab yd age if mother&wife&wife_emp&hub_emp&state!="A"

           |                                     age
        yd |        20         25         30         35         40         45         50 |     Total
-----------+-----------------------------------------------------------------------------+----------
      2005 |        37        278        870      1,353      1,199        546         66 |     4,349 
      2010 |        65        472      1,977      2,959      2,952      1,666        331 |    10,422 
      2011 |       104        881      3,588      5,950      5,812      3,424        742 |    20,501 
      2012 |        65        733      3,059      5,942      5,527      3,202        767 |    19,295 
      2013 |        75        651      2,861      5,591      5,365      3,317        781 |    18,641 
      2014 |        70        707      2,828      5,814      5,540      3,370        873 |    19,202 
      2015 |        72        576      2,719      5,742      5,936      3,412        957 |    19,414 
      2016 |        72        545      2,675      5,669      6,070      3,688      1,114 |    19,833 
      2017 |        70        590      2,496      5,834      6,455      4,076      1,191 |    20,712 
      2018 |        59        551      2,512      5,822      6,977      4,699      1,180 |    21,800 
      2019 |        76        532      2,527      5,703      7,388      5,046      1,331 |    22,603 
      2020 |        46        406      2,014      4,902      6,436      4,651      1,349 |    19,804 
      2021 |        26        323      1,652      4,273      6,065      4,624      1,380 |    18,343 
      2022 |        29        323      1,486      3,936      5,855      4,871      1,412 |    17,912 
-----------+-----------------------------------------------------------------------------+----------
     Total |       866      7,568     33,264     69,490     77,577     50,592     13,474 |   252,831 

. tab yd age if mother&wife&wife_emp&hub_emp

           |                                     age
        yd |        20         25         30         35         40         45         50 |     Total
-----------+-----------------------------------------------------------------------------+----------
      2005 |        37        278        870      1,353      1,199        546         66 |     4,349 
      2010 |        65        472      1,977      2,959      2,952      1,666        331 |    10,422 
      2011 |       104        881      3,588      5,950      5,812      3,424        742 |    20,501 
      2012 |        65        733      3,059      5,942      5,527      3,202        767 |    19,295 
      2013 |        75        651      2,861      5,591      5,365      3,317        781 |    18,641 
      2014 |        70        707      2,828      5,814      5,540      3,370        873 |    19,202 
      2015 |        72        576      2,719      5,742      5,936      3,412        957 |    19,414 
      2016 |        72        545      2,675      5,669      6,070      3,688      1,114 |    19,833 
      2017 |        70        590      2,496      5,834      6,455      4,076      1,191 |    20,712 
      2018 |        59        551      2,512      5,822      6,977      4,699      1,180 |    21,800 
      2019 |        76        532      2,527      5,703      7,388      5,046      1,331 |    22,603 
      2020 |        46        406      2,014      4,902      6,436      4,651      1,349 |    19,804 
      2021 |        26        323      1,652      4,273      6,065      4,624      1,380 |    18,343 
      2022 |        29        323      1,486      3,936      5,855      4,871      1,412 |    17,912 
-----------+-----------------------------------------------------------------------------+----------
     Total |       866      7,568     33,264     69,490     77,577     50,592     13,474 |   252,831 

. tab yd age if mother&wife&wife_emp&hub_emp==0

           |                                     age
        yd |        20         25         30         35         40         45         50 |     Total
-----------+-----------------------------------------------------------------------------+----------
      2005 |       204      1,083      3,411      5,596      5,253      2,559        507 |    18,613 
      2006 |       293      1,521      4,858      7,335      7,293      3,514        649 |    25,463 
      2007 |       304      1,660      5,150      7,952      7,805      4,037        849 |    27,757 
      2008 |       328      1,668      5,350      8,222      7,934      4,272        890 |    28,664 
      2009 |       240      1,528      5,481      8,095      8,133      4,574      1,044 |    29,095 
      2010 |       151        978      3,539      5,172      5,290      3,141        835 |    19,106 
      2011 |        88        437      1,568      2,321      2,384      1,538        592 |     8,928 
      2012 |        76        401      1,449      2,516      2,599      1,729        627 |     9,397 
      2013 |        54        408      1,332      2,556      2,631      1,891        786 |     9,658 
      2014 |        45        369      1,214      2,426      2,560      1,895        822 |     9,331 
      2015 |        49        283      1,005      1,997      2,396      1,828        865 |     8,423 
      2016 |        33        170        833      2,035      2,232      1,778        898 |     7,979 
      2017 |        30        195        773      1,813      2,339      1,861        927 |     7,938 
      2018 |        27        191        736      1,775      2,311      1,852      1,060 |     7,952 
      2019 |        26        196        753      1,547      2,399      1,934      1,132 |     7,987 
      2020 |        17        168        593      1,406      2,227      2,160      1,079 |     7,650 
      2021 |         9         87        479      1,175      1,935      1,872      1,114 |     6,671 
      2022 |        13         81        365      1,094      1,734      1,734      1,076 |     6,097 
-----------+-----------------------------------------------------------------------------+----------
     Total |     1,987     11,424     38,889     65,033     69,455     44,169     15,752 |   246,709 

. tab yd age if mother&wife&wife_emp

           |                                     age
        yd |        20         25         30         35         40         45         50 |     Total
-----------+-----------------------------------------------------------------------------+----------
      2005 |       241      1,361      4,281      6,949      6,452      3,105        573 |    22,962 
      2006 |       293      1,521      4,858      7,335      7,293      3,514        649 |    25,463 
      2007 |       304      1,660      5,150      7,952      7,805      4,037        849 |    27,757 
      2008 |       328      1,668      5,350      8,222      7,934      4,272        890 |    28,664 
      2009 |       240      1,528      5,481      8,095      8,133      4,574      1,044 |    29,095 
      2010 |       216      1,450      5,516      8,131      8,242      4,807      1,166 |    29,528 
      2011 |       192      1,318      5,156      8,271      8,196      4,962      1,334 |    29,429 
      2012 |       141      1,134      4,508      8,458      8,126      4,931      1,394 |    28,692 
      2013 |       129      1,059      4,193      8,147      7,996      5,208      1,567 |    28,299 
      2014 |       115      1,076      4,042      8,240      8,100      5,265      1,695 |    28,533 
      2015 |       121        859      3,724      7,739      8,332      5,240      1,822 |    27,837 
      2016 |       105        715      3,508      7,704      8,302      5,466      2,012 |    27,812 
      2017 |       100        785      3,269      7,647      8,794      5,937      2,118 |    28,650 
      2018 |        86        742      3,248      7,597      9,288      6,551      2,240 |    29,752 
      2019 |       102        728      3,280      7,250      9,787      6,980      2,463 |    30,590 
      2020 |        63        574      2,607      6,308      8,663      6,811      2,428 |    27,454 
      2021 |        35        410      2,131      5,448      8,000      6,496      2,494 |    25,014 
      2022 |        42        404      1,851      5,030      7,589      6,605      2,488 |    24,009 
-----------+-----------------------------------------------------------------------------+----------
     Total |     2,853     18,992     72,153    134,523    147,032     94,761     29,226 |   499,540 

. do "C:\Users\LAFUEN~1\AppData\Local\Temp\STD4684_000000.tmp"

. sort ciclo nvivi husband

. 
end of do-file

. tab ciclo if yd==2010

      ciclo |      Freq.     Percent        Cum.
------------+-----------------------------------
        150 |    172,612       25.41       25.41
        151 |    169,712       24.98       50.39
        152 |    168,599       24.82       75.20
        153 |    168,469       24.80      100.00
------------+-----------------------------------
      Total |    679,392      100.00

. do "C:\Users\LAFUEN~1\AppData\Local\Temp\STD4684_000000.tmp"

. sort ciclo nvivi relpp1

. 
end of do-file

. tab ciclo

      ciclo |      Freq.     Percent        Cum.
------------+-----------------------------------
        130 |    307,542        2.66        2.66
        131 |    151,709        1.31        3.98
        132 |    147,904        1.28        5.26
        133 |    148,870        1.29        6.55
        134 |    153,333        1.33        7.88
        135 |    159,341        1.38        9.26
        136 |    157,385        1.36       10.62
        137 |    158,736        1.38       12.00
        138 |    162,371        1.41       13.40
        139 |    163,909        1.42       14.82
        140 |    163,342        1.41       16.24
        141 |    163,809        1.42       17.66
        142 |    164,962        1.43       19.09
        143 |    165,515        1.43       20.52
        144 |    164,388        1.42       21.94
        145 |    164,343        1.42       23.37
        146 |    164,279        1.42       24.79
        147 |    163,937        1.42       26.21
        148 |    172,975        1.50       27.71
        149 |    173,100        1.50       29.21
        150 |    172,612        1.50       30.70
        151 |    169,712        1.47       32.17
        152 |    168,599        1.46       33.63
        153 |    168,469        1.46       35.09
        154 |    169,019        1.46       36.56
        155 |    168,176        1.46       38.01
        156 |    166,675        1.44       39.46
        157 |    164,550        1.43       40.88
        158 |    168,776        1.46       42.35
        159 |    168,209        1.46       43.80
        160 |    167,395        1.45       45.25
        161 |    168,030        1.46       46.71
        162 |    168,401        1.46       48.17
        163 |    169,030        1.46       49.63
        164 |    168,324        1.46       51.09
        165 |    168,322        1.46       52.55
        166 |    168,361        1.46       54.01
        167 |    167,191        1.45       55.45
        168 |    165,411        1.43       56.89
        169 |    165,498        1.43       58.32
        170 |    164,994        1.43       59.75
        171 |    163,127        1.41       61.16
        172 |    160,517        1.39       62.55
        173 |    160,120        1.39       63.94
        174 |    158,930        1.38       65.32
        175 |    157,937        1.37       66.69
        176 |    157,353        1.36       68.05
        177 |    156,058        1.35       69.40
        178 |    156,826        1.36       70.76
        179 |    156,240        1.35       72.11
        180 |    156,108        1.35       73.47
        181 |    156,343        1.35       74.82
        182 |    158,091        1.37       76.19
        183 |    158,184        1.37       77.56
        184 |    158,489        1.37       78.93
        185 |    159,896        1.39       80.32
        186 |    161,443        1.40       81.72
        187 |    161,211        1.40       83.11
        188 |    160,279        1.39       84.50
        189 |    159,827        1.38       85.89
        190 |    155,568        1.35       87.23
        191 |    145,393        1.26       88.49
        192 |    144,634        1.25       89.75
        193 |    144,586        1.25       91.00
        194 |    140,354        1.22       92.21
        195 |    135,016        1.17       93.38
        196 |    128,940        1.12       94.50
        197 |    129,655        1.12       95.62
        198 |    129,048        1.12       96.74
        199 |    127,171        1.10       97.84
        200 |    124,980        1.08       98.93
        201 |    123,981        1.07      100.00
------------+-----------------------------------
      Total | 11,543,809      100.00

. do "C:\Users\LAFUEN~1\AppData\Local\Temp\STD4684_000000.tmp"

. sort ciclo nvivi husband

. 
end of do-file

. do "C:\Users\LAFUEN~1\AppData\Local\Temp\STD4684_000000.tmp"

. by ciclo nvivi: gen hub_state = state[_N] if husband[_N]==1
variable hub_state already defined
r(110);

end of do-file

r(110);

. do "C:\Users\LAFUEN~1\AppData\Local\Temp\STD4684_000000.tmp"

. by ciclo nvivi: replace hub_state = state[_N] if husband[_N]==1
(1,198,456 real changes made)

. 
end of do-file

. do "C:\Users\LAFUEN~1\AppData\Local\Temp\STD4684_000000.tmp"

. cd rawfiles
unable to change to rawfiles
r(170);

end of do-file

r(170);

. pwd
C:\Users\lafuentemart\Documents\LFS\TenMoCoS

. cd formatting
C:\Users\lafuentemart\Documents\LFS\TenMoCoS\formatting

. do "C:\Users\LAFUEN~1\AppData\Local\Temp\STD4684_000000.tmp"

. cd rawfiles
C:\Users\lafuentemart\Documents\LFS\TenMoCoS\formatting\rawfiles

. 
end of do-file

. do "C:\Users\LAFUEN~1\AppData\Local\Temp\STD4684_000000.tmp"

. clear

. use EPA_2005T1

.         forvalues Q = 2/4 {
  2.                 append using EPA_2005T`Q'
  3.         }
(label anore1 already defined)
(label edadest already defined)
(label hcurnr already defined)
(label anore1 already defined)
(label edadest already defined)
(label hcurnr already defined)
(label anore1 already defined)
(label edadest already defined)
(label hcurnr already defined)

. forvalues Y = 6/22 {
  2.         local year= 2000+`Y'
  3.         forvalues Q = 1/4 {
  4.                 append using EPA_`year'T`Q'
  5.         }
  6. }
(label anore1 already defined)
(label edadest already defined)
(label hcurnr already defined)
(label anore1 already defined)
(label edadest already defined)
(label hcurnr already defined)
(label anore1 already defined)
(label edadest already defined)
(label hcurnr already defined)
(label anore1 already defined)
(label edadest already defined)
(label hcurnr already defined)
(label anore1 already defined)
(label edadest already defined)
(label hcurnr already defined)
(label anore1 already defined)
(label edadest already defined)
(label hcurnr already defined)
(label anore1 already defined)
(label edadest already defined)
(label hcurnr already defined)
(label anore1 already defined)
(label edadest already defined)
(label hcurnr already defined)
(label anore1 already defined)
(label edadest already defined)
(label hcurnr already defined)
(label anore1 already defined)
(label edadest already defined)
(label hcurnr already defined)
(label anore1 already defined)
(label edadest already defined)
(label hcurnr already defined)
(label anore1 already defined)
(label edadest already defined)
(label hcurnr already defined)
(label anore1 already defined)
(label edadest already defined)
(label hcurnr already defined)
(label anore1 already defined)
(label edadest already defined)
(label hcurnr already defined)
(label anore1 already defined)
(label edadest already defined)
(label hcurnr already defined)
(label anore1 already defined)
(label edadest already defined)
(label hcurnr already defined)
(label anore1 already defined)
(label edadest already defined)
(label hcurnr already defined)
(label anore1 already defined)
(label edadest already defined)
(label hcurnr already defined)
(label anore1 already defined)
(label edadest already defined)
(label hcurnr already defined)
(label anore1 already defined)
(label edadest already defined)
(label hcurnr already defined)
(label anore1 already defined)
(label edadest already defined)
(label hcurnr already defined)
(label anore1 already defined)
(label edadest already defined)
(label hcurnr already defined)
(label anore1 already defined)
(label edadest already defined)
(label hcurnr already defined)
(label anore1 already defined)
(label edadest already defined)
(label hcurnr already defined)
(label anore1 already defined)
(label edadest already defined)
(label hcurnr already defined)
(label anore1 already defined)
(label edadest already defined)
(label hcurnr already defined)
(label anore1 already defined)
(label edadest already defined)
(label hcurnr already defined)
(label anore1 already defined)
(label edadest already defined)
(label hcurnr already defined)
(label anore1 already defined)
(label edadest already defined)
(label hcurnr already defined)
(label anore1 already defined)
(label edadest already defined)
(label hcurnr already defined)
(label anore1 already defined)
(label edadest already defined)
(label hcurnr already defined)
(label anore1 already defined)
(label edadest already defined)
(label hcurnr already defined)
(label anore1 already defined)
(label edadest already defined)
(label hcurnr already defined)
(label anore1 already defined)
(label edadest already defined)
(label hcurnr already defined)
(label anore1 already defined)
(label edadest already defined)
(label hcurnr already defined)
(label anore1 already defined)
(label edadest already defined)
(label hcurnr already defined)
(label anore1 already defined)
(label edadest already defined)
(label hcurnr already defined)
(label anore1 already defined)
(label edadest already defined)
(label hcurnr already defined)
(label anore1 already defined)
(label edadest already defined)
(label hcurnr already defined)
(label anore1 already defined)
(label edadest already defined)
(label hcurnr already defined)
(label anore1 already defined)
(label edadest already defined)
(label hcurnr already defined)
(label anore1 already defined)
(label edadest already defined)
(label hcurnr already defined)
(label anore1 already defined)
(label edadest already defined)
(label hcurnr already defined)
(label anore1 already defined)
(label edadest already defined)
(label hcurnr already defined)
(label anore1 already defined)
(label edadest already defined)
(label hcurnr already defined)
(label anore1 already defined)
(label edadest already defined)
(label hcurnr already defined)
(label anore1 already defined)
(label edadest already defined)
(label hcurnr already defined)
(label anore1 already defined)
(label edadest already defined)
(label hcurnr already defined)
(label anore1 already defined)
(label edadest already defined)
(label hcurnr already defined)
(label anore1 already defined)
(label edadest already defined)
(label hcurnr already defined)
(label anore1 already defined)
(label edadest already defined)
(label hcurnr already defined)
(label anore1 already defined)
(label edadest already defined)
(label hcurnr already defined)
(label anore1 already defined)
(label edadest already defined)
(label hcurnr already defined)
(label anore1 already defined)
(label edadest already defined)
(label hcurnr already defined)
(label anore1 already defined)
(label edadest already defined)
(label hcurnr already defined)
(label anore1 already defined)
(label edadest already defined)
(label hcurnr already defined)
(label anore1 already defined)
(label edadest already defined)
(label hcurnr already defined)
(label anore1 already defined)
(label edadest already defined)
(label hcurnr already defined)
(label anore1 already defined)
(label edadest already defined)
(label hcurnr already defined)
(variable rellb2 was str2, now str6 to accommodate using data's values)
(label ANORE1 already defined)
(label EDADEST already defined)
(label ANORE1 already defined)
(label EDADEST already defined)
(label DAUSVAC already defined)
(label DAUSENF already defined)
(label DAUSOTR already defined)
(label ANORE1 already defined)
(label EDADEST already defined)
(label DAUSVAC already defined)
(label DAUSENF already defined)
(label DAUSOTR already defined)
(label ANORE1 already defined)
(label EDADEST already defined)
(label DAUSVAC already defined)
(label DAUSENF already defined)
(label DAUSOTR already defined)
(label DAUSOTR already defined)
(label DAUSENF already defined)
(label DAUSVAC already defined)
(label EDADEST already defined)
(label ANORE1 already defined)
(label DAUSOTR already defined)
(label DAUSENF already defined)
(label DAUSVAC already defined)
(label EDADEST already defined)
(label ANORE1 already defined)
(label DAUSOTR already defined)
(label DAUSENF already defined)
(label DAUSVAC already defined)
(label EDADEST already defined)
(label ANORE1 already defined)
(label DAUSOTR already defined)
(label DAUSENF already defined)
(label DAUSVAC already defined)
(label EDADEST already defined)
(label ANORE1 already defined)

. 
. replace edad5 = edad1 if edad5==""
(1,063,831 real changes made)

. drop edad1

. 
. destring edad5, replace
edad5: all characters numeric; replaced as byte
(516 missing values generated)

. destring sexo1, replace
sexo1: all characters numeric; replaced as byte
(516 missing values generated)

. destring eciv1, replace
eciv1: all characters numeric; replaced as byte
(1791651 missing values generated)

. destring npers, replace
npers: all characters numeric; replaced as byte
(516 missing values generated)

. 
. destring ducon1, replace
ducon1: all characters numeric; replaced as byte
(7957237 missing values generated)

. destring ducon2, replace
ducon2: all characters numeric; replaced as byte
(8886548 missing values generated)

. destring situ, replace
situ: all characters numeric; replaced as byte
(7139092 missing values generated)

. destring aoi, replace
aoi: all characters numeric; replaced as byte
(1791651 missing values generated)

. 
. destring rznotb rzdifh, replace
rznotb: all characters numeric; replaced as byte
(11133330 missing values generated)
rzdifh: all characters numeric; replaced as byte
(11025110 missing values generated)

